# junk trace v1 — junk sync, COLMI R10_F300, 2026-09-06 02:10
# source: junk sync --record
# columns: <iso-ts> <tx|rx> <channel> <hex>
# lines starting with # are comments; "! " lines are link events kept for orientation
! 2026-09-06T02:10:27.290-04:00 connected mtu=247 channels=v1.write,v1.notify,v2.cmd,v2.notify,dis.fw,dis.hw
! 2026-09-06T02:10:28.031-04:00 subscribe v1.notify
! 2026-09-06T02:10:28.773-04:00 subscribe v2.notify
2026-09-06T02:10:29.518-04:00 tx v1.write 04011200000000000000000000000017
2026-09-06T02:10:29.639-04:00 rx v1.notify 04000000000000000000000000000004
2026-09-06T02:10:29.889-04:00 tx v1.write 0126090602102401000000000000006d
2026-09-06T02:10:29.889-04:00 rx v1.notify 2ff40000000000000000000000000023
2026-09-06T02:10:30.013-04:00 rx v1.notify 01010000020000000001002000003055
2026-09-06T02:10:30.258-04:00 tx v1.write 1901010100000000000000000000001c
2026-09-06T02:10:30.258-04:00 rx v1.notify 1901000100000000000000000000001b
2026-09-06T02:10:30.506-04:00 rx dis.fw 5254303343525f312e30302e30325f323630333139
2026-09-06T02:10:31.136-04:00 rx dis.hw 5254303343525f56312e30
2026-09-06T02:10:31.225-04:00 tx v1.write 03010000000000000000000000000004
2026-09-06T02:10:31.226-04:00 rx v1.notify 03540000000000000000000000000057
2026-09-06T02:10:31.323-04:00 tx v1.write 16010200000000000000000000000019
2026-09-06T02:10:31.323-04:00 rx v1.notify 16010105050000000000000000000022
2026-09-06T02:10:31.420-04:00 tx v1.write 2c01000000000000000000000000002d
2026-09-06T02:10:31.420-04:00 rx v1.notify 2c01011e00000000000000000000004c
2026-09-06T02:10:31.517-04:00 tx v1.write 36010000000000000000000000000037
2026-09-06T02:10:31.518-04:00 rx v1.notify 36010100000000000000000000000038
2026-09-06T02:10:31.663-04:00 tx v1.write 3801020000000000000000000000003b
2026-09-06T02:10:31.664-04:00 rx v1.notify 3801010000000000000000000000003a
2026-09-06T02:10:31.809-04:00 tx v1.write 21010000000000000000000000000022
2026-09-06T02:10:31.810-04:00 rx v1.notify 2101881300e09304b80b0000000000f7
2026-09-06T02:10:31.907-04:00 tx v1.write 43000f005f01000000000000000000b2
2026-09-06T02:10:31.908-04:00 rx v1.notify 43ff0001000000000000000000000043
2026-09-06T02:10:32.004-04:00 tx v1.write 1500ad9c6a00000000000000000000c8
2026-09-06T02:10:32.005-04:00 rx v1.notify 15001805000000000000000000000032
2026-09-06T02:10:32.053-04:00 rx v1.notify 150100ad9c6a41553f42443b3b563e2e
2026-09-06T02:10:32.054-04:00 rx v1.notify 1502553f4251474949584a4b6e495510
2026-09-06T02:10:32.102-04:00 rx v1.notify 150354363e3a3a000000000000000054
2026-09-06T02:10:32.103-04:00 rx v1.notify 15040000000000000000000000000019
2026-09-06T02:10:32.151-04:00 rx v1.notify 1505000000000000000000000000001a
2026-09-06T02:10:32.152-04:00 rx v1.notify 1506000000000000000000000000001b
2026-09-06T02:10:32.200-04:00 rx v1.notify 1507000000000000000000000000001c
2026-09-06T02:10:32.201-04:00 rx v1.notify 1508000000000000000000000000001d
2026-09-06T02:10:32.249-04:00 rx v1.notify 1509000000000000000000000000001e
2026-09-06T02:10:32.249-04:00 rx v1.notify 150a000000000000000000000000001f
2026-09-06T02:10:32.297-04:00 rx v1.notify 150b0000000000000000000000000020
2026-09-06T02:10:32.298-04:00 rx v1.notify 150c0000000000000000000000000021
2026-09-06T02:10:32.346-04:00 rx v1.notify 150d0000000000000000000000000022
2026-09-06T02:10:32.347-04:00 rx v1.notify 150e0000000000000000000000000023
2026-09-06T02:10:32.394-04:00 rx v1.notify 150f0000000000000000000000000024
2026-09-06T02:10:32.395-04:00 rx v1.notify 15100000000000000000000000000025
2026-09-06T02:10:32.443-04:00 rx v1.notify 15110000000000000000000000000026
2026-09-06T02:10:32.445-04:00 rx v1.notify 15120000000000000000000000000027
2026-09-06T02:10:32.493-04:00 rx v1.notify 15130000000000000000000000000028
2026-09-06T02:10:32.494-04:00 rx v1.notify 15140000000000000000000000000029
2026-09-06T02:10:32.542-04:00 rx v1.notify 1515000000000000000000000000002a
2026-09-06T02:10:32.543-04:00 rx v1.notify 1516000000000000000000000000002b
2026-09-06T02:10:32.590-04:00 rx v1.notify 1517000000000000000000000000002c
2026-09-06T02:10:32.688-04:00 tx v1.write 37000000000000000000000000000037
2026-09-06T02:10:32.690-04:00 rx v1.notify 3700051e00000000000000000000005a
2026-09-06T02:10:32.736-04:00 rx v1.notify 370100292926282a0000000000000002
2026-09-06T02:10:32.737-04:00 rx v1.notify 37020000000000000000000000000039
2026-09-06T02:10:32.784-04:00 rx v1.notify 3703000000000000000000000000003a
2026-09-06T02:10:32.785-04:00 rx v1.notify 3704000000000000000000000000003b
2026-09-06T02:10:32.882-04:00 tx v1.write 39000000000000000000000000000039
2026-09-06T02:10:32.883-04:00 rx v1.notify 3900051e00000000000000000000005c
2026-09-06T02:10:32.931-04:00 rx v1.notify 390100240030002600000000000000b4
2026-09-06T02:10:32.932-04:00 rx v1.notify 3902000000000000000000000000003b
2026-09-06T02:10:32.979-04:00 rx v1.notify 3903000000000000000000000000003c
2026-09-06T02:10:32.980-04:00 rx v1.notify 3904000000000000000000000000003d
2026-09-06T02:10:33.077-04:00 tx v1.write 43010f005f01000000000000000000b3
2026-09-06T02:10:33.126-04:00 rx v1.notify 43f00f01000000000000000000000043
2026-09-06T02:10:33.127-04:00 rx v1.notify 4326090500000f450b6d02fa01000040
2026-09-06T02:10:33.175-04:00 rx v1.notify 4326090504010f320144003600000038
2026-09-06T02:10:33.175-04:00 rx v1.notify 432609052c020fb700250020000000b0
2026-09-06T02:10:33.223-04:00 rx v1.notify 4326090530030faa0670012c01000007
2026-09-06T02:10:33.224-04:00 rx v1.notify 4326090534040f0b11ee03fb020000c8
2026-09-06T02:10:33.272-04:00 rx v1.notify 4326090538050faf1257044503000027
2026-09-06T02:10:33.273-04:00 rx v1.notify 432609053c060f920295007300000064
2026-09-06T02:10:33.321-04:00 rx v1.notify 4326090540070f480142003a00000092
2026-09-06T02:10:33.322-04:00 rx v1.notify 4326090544080f0d41ff0d6d0b0000a4
2026-09-06T02:10:33.369-04:00 rx v1.notify 4326090548090f101c6706e90400005d
2026-09-06T02:10:33.370-04:00 rx v1.notify 432609054c0a0fee488510c70c00007a
2026-09-06T02:10:33.419-04:00 rx v1.notify 43260905500b0f1d1acc059404000081
2026-09-06T02:10:33.420-04:00 rx v1.notify 43260905540c0f3125a7078b0600007b
2026-09-06T02:10:33.467-04:00 rx v1.notify 43260905580d0fa41c010609050000c0
2026-09-06T02:10:33.468-04:00 rx v1.notify 432609055c0e0f72015f004100000003
2026-09-06T02:10:33.564-04:00 tx v1.write 15805b9b6a00000000000000000000f5
2026-09-06T02:10:33.566-04:00 rx v1.notify 15001805000000000000000000000032
2026-09-06T02:10:33.613-04:00 rx v1.notify 1501805b9b6a5155554c5a58525551e7
2026-09-06T02:10:33.614-04:00 rx v1.notify 15026b504e46514b5549675364594d64
2026-09-06T02:10:33.662-04:00 rx v1.notify 1503004d3d3c4e3d3d73376736373d61
2026-09-06T02:10:33.663-04:00 rx v1.notify 15043737395537363838374c38513634
2026-09-06T02:10:33.711-04:00 rx v1.notify 1505393336363535343635364b3a3bf1
2026-09-06T02:10:33.712-04:00 rx v1.notify 15063c3839393d3635373637413632f6
2026-09-06T02:10:33.759-04:00 rx v1.notify 150734443639373437393836393436ef
2026-09-06T02:10:33.760-04:00 rx v1.notify 150835363b3b3a3636363b38363835f0
2026-09-06T02:10:33.808-04:00 rx v1.notify 15093a353333343433333437355c36f3
2026-09-06T02:10:33.809-04:00 rx v1.notify 150a38364a363533304e5930313d3f29
2026-09-06T02:10:33.858-04:00 rx v1.notify 150b4f335430313246333b3630363710
2026-09-06T02:10:33.859-04:00 rx v1.notify 150c3937393e3a3e56523c513939658c
2026-09-06T02:10:33.906-04:00 rx v1.notify 150d5355555247535a61003f61535811
2026-09-06T02:10:33.907-04:00 rx v1.notify 150e515451584b51464550515d4d583b
2026-09-06T02:10:33.955-04:00 rx v1.notify 150f4d4d3c5f4d4d485a474a4a4347fa
2026-09-06T02:10:33.955-04:00 rx v1.notify 1510484e4d4e4e47474d4d51504d4802
2026-09-06T02:10:34.004-04:00 rx v1.notify 151144535950595a56596e6a5c4c4c94
2026-09-06T02:10:34.006-04:00 rx v1.notify 15124d51525a5554754c616764564daa
2026-09-06T02:10:34.101-04:00 rx v1.notify 15134b475a4852695059565546695a74
2026-09-06T02:10:34.102-04:00 rx v1.notify 151465706448504e495553444c5f527a
2026-09-06T02:10:34.150-04:00 rx v1.notify 15154f5f6c535a514a4b4845586f5580
2026-09-06T02:10:34.150-04:00 rx v1.notify 151653585f4e51484f4f4f4752655e65
2026-09-06T02:10:34.198-04:00 rx v1.notify 1517524b4342474d00000000000000e2
2026-09-06T02:10:34.296-04:00 tx v1.write 37010000000000000000000000000038
2026-09-06T02:10:34.297-04:00 rx v1.notify 3700051e00000000000000000000005a
2026-09-06T02:10:34.345-04:00 rx v1.notify 3701012423272f1e2d2a202e291f2001
2026-09-06T02:10:34.345-04:00 rx v1.notify 37022b23282e1f302c23292b2e2a264d
2026-09-06T02:10:34.393-04:00 rx v1.notify 37032e2f413c202e2231292127213f86
2026-09-06T02:10:34.394-04:00 rx v1.notify 37042324242c2b33232b2120000000bf
2026-09-06T02:10:34.491-04:00 tx v1.write 3901000000000000000000000000003a
2026-09-06T02:10:34.492-04:00 rx v1.notify 3900051e00000000000000000000005c
2026-09-06T02:10:34.540-04:00 rx v1.notify 390101310030002300240028001f002a
2026-09-06T02:10:34.540-04:00 rx v1.notify 3902230022002300220027002d002942
2026-09-06T02:10:34.589-04:00 rx v1.notify 3903002a002d001e002d002c0030003a
2026-09-06T02:10:34.589-04:00 rx v1.notify 39042f00280023002a00310000000012
2026-09-06T02:10:34.686-04:00 tx v1.write 43020f005f01000000000000000000b4
2026-09-06T02:10:34.687-04:00 rx v1.notify 43f00e01000000000000000000000042
2026-09-06T02:10:34.735-04:00 rx v1.notify 4326090404000e8e001c00190000004b
2026-09-06T02:10:34.735-04:00 rx v1.notify 432609042c010eed03fd00b00000004e
2026-09-06T02:10:34.784-04:00 rx v1.notify 4326090430020e3502890063000000d9
2026-09-06T02:10:34.785-04:00 rx v1.notify 4326090434030e40014900380000007d
2026-09-06T02:10:34.832-04:00 rx v1.notify 4326090438040eb8002f0020000000c7
2026-09-06T02:10:34.833-04:00 rx v1.notify 432609043c050e200fac03a50200004a
2026-09-06T02:10:34.881-04:00 rx v1.notify 4326090440060e1f04f900b90000009f
2026-09-06T02:10:34.882-04:00 rx v1.notify 4326090444070ec603da00a90000001b
2026-09-06T02:10:34.930-04:00 rx v1.notify 4326090448080e6a08000279010000c2
2026-09-06T02:10:34.932-04:00 rx v1.notify 432609044c090e14027c005d000000c8
2026-09-06T02:10:34.978-04:00 rx v1.notify 43260904500a0e3c130a04610300009f
2026-09-06T02:10:34.979-04:00 rx v1.notify 43260904540b0e051718050a0400002a
2026-09-06T02:10:35.027-04:00 rx v1.notify 43260904580c0e49014e003a000000ba
2026-09-06T02:10:35.028-04:00 rx v1.notify 432609045c0d0ecc109f03f302000060
2026-09-06T02:10:35.124-04:00 tx v1.write 15000a9a6a0000000000000000000023
2026-09-06T02:10:35.125-04:00 rx v1.notify 15001805000000000000000000000032
2026-09-06T02:10:35.173-04:00 rx v1.notify 1501000a9a6a000000000000463a48ec
2026-09-06T02:10:35.175-04:00 rx v1.notify 15024e514c504a4a6442484f5a3a4c03
2026-09-06T02:10:35.223-04:00 rx v1.notify 15035b46373e3534343533483d32311b
2026-09-06T02:10:35.226-04:00 rx v1.notify 1504313134363534343356463b594025
2026-09-06T02:10:35.272-04:00 rx v1.notify 15053a325e333e51393232313560353e
2026-09-06T02:10:35.273-04:00 rx v1.notify 150635353532354633353536393832dd
2026-09-06T02:10:35.323-04:00 rx v1.notify 150734373337383636383739383837e4
2026-09-06T02:10:35.323-04:00 rx v1.notify 150837393942393f37393c332e315e1c
2026-09-06T02:10:35.369-04:00 rx v1.notify 1509393139343139343d533c3c383b0e
2026-09-06T02:10:35.371-04:00 rx v1.notify 150a344b33333a35313c3b3a343434f1
2026-09-06T02:10:35.417-04:00 rx v1.notify 150b323a32363834333348414761473e
2026-09-06T02:10:35.418-04:00 rx v1.notify 150c39516455434e44406458614c4a2c
2026-09-06T02:10:35.466-04:00 rx v1.notify 150d644c514643493b3f505a3b5638e2
2026-09-06T02:10:35.467-04:00 rx v1.notify 150e49534c53534b6058416253564f4f
2026-09-06T02:10:35.516-04:00 rx v1.notify 150f535f583a50615259645369555b94
2026-09-06T02:10:35.516-04:00 rx v1.notify 151053505f4a494340534d4b41526722
2026-09-06T02:10:35.564-04:00 rx v1.notify 151147554f535a65456b4e4a5853667c
2026-09-06T02:10:35.565-04:00 rx v1.notify 151256475060584e4f675651524a5366
2026-09-06T02:10:35.612-04:00 rx v1.notify 15135a3e53535555644b704b63585a8f
2026-09-06T02:10:35.613-04:00 rx v1.notify 151462595f57514c656452564e4d5093
2026-09-06T02:10:35.661-04:00 rx v1.notify 15155048555f4d53696153676b565fba
2026-09-06T02:10:35.662-04:00 rx v1.notify 151656495752535c594d546953614e87
2026-09-06T02:10:35.710-04:00 rx v1.notify 15174f4f4d7755500000000000000033
2026-09-06T02:10:35.807-04:00 tx v1.write 37020000000000000000000000000039
2026-09-06T02:10:35.808-04:00 rx v1.notify 3700051e00000000000000000000005a
2026-09-06T02:10:35.906-04:00 rx v1.notify 370102001e22272b29261f262e2a1fd7
2026-09-06T02:10:35.907-04:00 rx v1.notify 37022226202b2320222d282a2025291e
2026-09-06T02:10:35.953-04:00 rx v1.notify 3703312e2f1e281e241d2c3024332d4d
2026-09-06T02:10:35.954-04:00 rx v1.notify 3704222f3f2c1e2720252329000000cd
2026-09-06T02:10:36.052-04:00 tx v1.write 3902000000000000000000000000003b
2026-09-06T02:10:36.052-04:00 rx v1.notify 3900051e00000000000000000000005c
2026-09-06T02:10:36.101-04:00 rx v1.notify 39010200002f002f0031002700310023
2026-09-06T02:10:36.101-04:00 rx v1.notify 39022b002c002c002e002f003000206b
2026-09-06T02:10:36.197-04:00 rx v1.notify 3903002b002b002e002e002d002b0046
2026-09-06T02:10:36.198-04:00 rx v1.notify 390421002d002f003100250000000010
2026-09-06T02:10:36.294-04:00 tx v1.write 43030f005f01000000000000000000b5
2026-09-06T02:10:36.295-04:00 rx v1.notify 43f00c01000000000000000000000040
2026-09-06T02:10:36.343-04:00 rx v1.notify 4326090330000c12026f005a0000008e
2026-09-06T02:10:36.344-04:00 rx v1.notify 4326090334010c990022001a0000008b
2026-09-06T02:10:36.393-04:00 rx v1.notify 4326090338020cbc0298007600000087
2026-09-06T02:10:36.394-04:00 rx v1.notify 432609033c030c2d04f400b60000009b
2026-09-06T02:10:36.442-04:00 rx v1.notify 4326090340040cc20d0c0355020000fa
2026-09-06T02:10:36.443-04:00 rx v1.notify 4326090344050c0304e500af00000065
2026-09-06T02:10:36.490-04:00 rx v1.notify 4326090348060c660b9002ef010000c2
2026-09-06T02:10:36.490-04:00 rx v1.notify 432609034c070cb4002d001e000000d3
2026-09-06T02:10:36.538-04:00 rx v1.notify 4326090350080ce60170005300000083
2026-09-06T02:10:36.539-04:00 rx v1.notify 4326090354090cd20ce2022c020000ce
2026-09-06T02:10:36.587-04:00 rx v1.notify 43260903580a0c53121e041c03000089
2026-09-06T02:10:36.588-04:00 rx v1.notify 432609035c0b0c330cc4021102000000
2026-09-06T02:10:36.684-04:00 tx v1.write 1580b8986a000000000000000000004f
2026-09-06T02:10:36.686-04:00 rx v1.notify 15001805000000000000000000000032
2026-09-06T02:10:36.733-04:00 rx v1.notify 150180b8986a00000000000000000050
2026-09-06T02:10:36.734-04:00 rx v1.notify 15020000000000000000000000000017
2026-09-06T02:10:36.782-04:00 rx v1.notify 15030000000000000000000000000018
2026-09-06T02:10:36.783-04:00 rx v1.notify 15040000000000000000000000000019
2026-09-06T02:10:36.831-04:00 rx v1.notify 1505000000000000000000000000001a
2026-09-06T02:10:36.832-04:00 rx v1.notify 1506000000000000000000000000001b
2026-09-06T02:10:36.880-04:00 rx v1.notify 1507000000000000000000000000001c
2026-09-06T02:10:36.880-04:00 rx v1.notify 1508000000000000000000000000001d
2026-09-06T02:10:36.928-04:00 rx v1.notify 1509000000000000000000000000001e
2026-09-06T02:10:36.929-04:00 rx v1.notify 150a000000000000000000000000001f
2026-09-06T02:10:36.977-04:00 rx v1.notify 150b0000000000000000000000000020
2026-09-06T02:10:36.978-04:00 rx v1.notify 150c003b5356513d3d3d53573f424b83
2026-09-06T02:10:37.027-04:00 rx v1.notify 150d4651555242514750563a5171401c
2026-09-06T02:10:37.027-04:00 rx v1.notify 150e645f5a52566e504f515158555a9e
2026-09-06T02:10:37.074-04:00 rx v1.notify 150f5563524e635a655744626e4f479f
2026-09-06T02:10:37.075-04:00 rx v1.notify 151048524c724e5562646350514c5086
2026-09-06T02:10:37.123-04:00 rx v1.notify 151152474b4448504e4a536956626355
2026-09-06T02:10:37.124-04:00 rx v1.notify 15124067554f57624a58576767423e72
2026-09-06T02:10:37.172-04:00 rx v1.notify 15134c5c6045475841544b444d50552a
2026-09-06T02:10:37.173-04:00 rx v1.notify 151454535054513d505156386d5d605b
2026-09-06T02:10:37.221-04:00 rx v1.notify 151552534b605a58554252584964627c
2026-09-06T02:10:37.222-04:00 rx v1.notify 15166769645a6e4f646555604843007f
2026-09-06T02:10:37.269-04:00 rx v1.notify 1517000000000000000000000000002c
2026-09-06T02:10:37.367-04:00 tx v1.write 3703000000000000000000000000003a
2026-09-06T02:10:37.368-04:00 rx v1.notify 3700051e00000000000000000000005a
2026-09-06T02:10:37.416-04:00 rx v1.notify 3701030000000000000000000000003b
2026-09-06T02:10:37.417-04:00 rx v1.notify 3702000000000000000000000000265f
2026-09-06T02:10:37.465-04:00 rx v1.notify 37032b29222125251e27272c1f2a2420
2026-09-06T02:10:37.465-04:00 rx v1.notify 37042e202227252f311e2a000000009f
2026-09-06T02:10:37.562-04:00 tx v1.write 3903000000000000000000000000003c
2026-09-06T02:10:37.563-04:00 rx v1.notify 3900051e00000000000000000000005c
2026-09-06T02:10:37.611-04:00 rx v1.notify 3901030000000000000000000000003d
2026-09-06T02:10:37.612-04:00 rx v1.notify 39020000000000000000000000002a65
2026-09-06T02:10:37.660-04:00 rx v1.notify 3903002e002b002d002b002600300043
2026-09-06T02:10:37.660-04:00 rx v1.notify 3904300032003000260026000000001b
2026-09-06T02:10:37.757-04:00 tx v1.write 43040f005f01000000000000000000b6
2026-09-06T02:10:37.758-04:00 rx v1.notify 43ff0000000000000000000000000042
2026-09-06T02:10:37.855-04:00 tx v1.write 150067976a000000000000000000007d
2026-09-06T02:10:37.857-04:00 rx v1.notify 15ff0000000000000000000000000014
2026-09-06T02:10:37.953-04:00 tx v1.write 3704000000000000000000000000003b
2026-09-06T02:10:37.954-04:00 rx v1.notify 37ff0000000000000000000000000036
2026-09-06T02:10:38.050-04:00 tx v1.write 3904000000000000000000000000003d
2026-09-06T02:10:38.050-04:00 rx v1.notify 39ff0000000000000000000000000038
2026-09-06T02:10:38.147-04:00 tx v1.write 43050f005f01000000000000000000b7
2026-09-06T02:10:38.148-04:00 rx v1.notify 43ff0000000000000000000000000042
2026-09-06T02:10:38.244-04:00 tx v1.write 158015966a00000000000000000000aa
2026-09-06T02:10:38.246-04:00 rx v1.notify 15ff0000000000000000000000000014
2026-09-06T02:10:38.342-04:00 tx v1.write 3705000000000000000000000000003c
2026-09-06T02:10:38.343-04:00 rx v1.notify 37ff0000000000000000000000000036
2026-09-06T02:10:38.439-04:00 tx v1.write 3905000000000000000000000000003e
2026-09-06T02:10:38.441-04:00 rx v1.notify 39ff0000000000000000000000000038
2026-09-06T02:10:38.538-04:00 tx v1.write 43060f005f01000000000000000000b8
2026-09-06T02:10:38.538-04:00 rx v1.notify 43ff0000000000000000000000000042
2026-09-06T02:10:38.634-04:00 tx v1.write 1500c4946a00000000000000000000d7
2026-09-06T02:10:38.636-04:00 rx v1.notify 15ff0000000000000000000000000014
2026-09-06T02:10:38.732-04:00 tx v1.write 3706000000000000000000000000003d
2026-09-06T02:10:38.733-04:00 rx v1.notify 37ff0000000000000000000000000036
2026-09-06T02:10:38.829-04:00 tx v1.write 3906000000000000000000000000003f
2026-09-06T02:10:38.831-04:00 rx v1.notify 39ff0000000000000000000000000038
2026-09-06T02:10:38.831-04:00 tx v2.cmd bc270200c1e00101
2026-09-06T02:10:38.927-04:00 rx v2.notify bc273700ef5c0101349d00ca0202210321020a03110212040d02270311021005020213030f0234041b021103080233040d05040239030b021a041c021f
2026-09-06T02:10:38.928-04:00 tx v2.cmd bc2a0100ff00ff
2026-09-06T02:10:39.220-04:00 rx v2.notify bc2a93007fdc026363616160606262616160606262636361616060616161616060636360606363616161616363636361616363616162620161616060616162626262606061616060636360606262636363636161636361616060606060606161616163636060626200606060600000000000000000000000000000000000000000000000000000000000000000000000000000000000000000
2026-09-06T02:10:39.220-04:00 tx v2.cmd bc250100bf4000
2026-09-06T02:10:39.317-04:00 rx v2.notify bc2532007eda001ea7a8a6a6a800000000000000000000000000000000000000000000000000000000000000000000000000000000000000
2026-09-06T02:10:39.318-04:00 tx v2.cmd bc410400002400000000
2026-09-06T02:10:39.610-04:00 rx v2.notify bc423901e69c0a300706014e7421690402584d0403b2060604d7150200040500000406170103074c030846030980030d0806135b0a0000300706013f561d690402584d040377090604c3f302000405000004061701030748030836030966030d0a0613020e00001b020601e8461d690402b90506049c1c000003073d0308370309461b02060132421d690402800006046c0400000307440308400309491b020601a8411d6904028a0006049304000003074403084203
2026-09-06T02:10:39.658-04:00 rx v2.notify 09481b0206018b401d690402540006042805000003074703084203094b1b020601553c1d69040232010604a80a000003074403084003094a1b02060169361d690402f20206042437000003074703084403094f1b02060158301d690402ee020604ca3a000003074d0308000309681b020601f72f1d69040260000604ae01000003073a03083503093e
! 2026-09-06T02:10:39.659-04:00 disconnect requested
