# junk trace v1 — junk live, COLMI R10_F300, 2026-09-06 02:16
# source: junk live --record
# columns: <iso-ts> <tx|rx> <channel> <hex>
# lines starting with # are comments; "! " lines are link events kept for orientation
! 2026-09-06T02:16:06.489-04:00 connected mtu=247 channels=v1.write,v1.notify,v2.cmd,v2.notify,dis.fw,dis.hw
! 2026-09-06T02:16:06.860-04:00 subscribe v1.notify
! 2026-09-06T02:16:07.110-04:00 subscribe v2.notify
2026-09-06T02:16:07.356-04:00 tx v1.write 7701070000000000000000000000007f
2026-09-06T02:16:07.480-04:00 rx v1.notify 78070100000000000000000000000080
2026-09-06T02:16:07.480-04:00 rx v1.notify 770100665c9c6a000000000000000040
2026-09-06T02:16:08.346-04:00 rx v1.notify 78070100010000000000000000000081
2026-09-06T02:16:09.336-04:00 rx v1.notify 78070100020000000000000000000082
2026-09-06T02:16:10.284-04:00 rx v1.notify 78070100030000000000000000000083
2026-09-06T02:16:11.259-04:00 rx v1.notify 78070100040000000000000000000084
2026-09-06T02:16:12.283-04:00 rx v1.notify 78070100050000000000000000000085
2026-09-06T02:16:13.261-04:00 rx v1.notify 78070100060000000000000000000086
2026-09-06T02:16:14.282-04:00 rx v1.notify 78070100070000000000000000000087
2026-09-06T02:16:15.306-04:00 rx v1.notify 78070100080000000000000000000088
2026-09-06T02:16:16.281-04:00 rx v1.notify 78070100090000000000000000000089
2026-09-06T02:16:17.256-04:00 rx v1.notify 780701000a000000000000000000008a
2026-09-06T02:16:17.256-04:00 rx v1.notify 780701000a000000000000000000008a
2026-09-06T02:16:18.329-04:00 rx v1.notify 780701000b39000000000000000000c4
2026-09-06T02:16:19.257-04:00 rx v1.notify 780701000c39000000000000000000c5
2026-09-06T02:16:20.280-04:00 rx v1.notify 780701000d39000000000000000000c6
2026-09-06T02:16:21.256-04:00 rx v1.notify 780701000e38000000000000000000c6
2026-09-06T02:16:22.279-04:00 rx v1.notify 780701000f38000000000000000000c7
2026-09-06T02:16:23.252-04:00 rx v1.notify 780701001038000000000000000000c8
2026-09-06T02:16:24.277-04:00 rx v1.notify 780701001138000000000000000000c9
2026-09-06T02:16:25.300-04:00 rx v1.notify 780701001238000000000000000000ca
2026-09-06T02:16:26.289-04:00 rx v1.notify 780701001338000000000000000000cb
2026-09-06T02:16:27.280-04:00 rx v1.notify 780701001438000000000000000000cc
2026-09-06T02:16:27.280-04:00 rx v1.notify 780701001438000000000000000000cc
2026-09-06T02:16:28.268-04:00 rx v1.notify 780701001538000000000000000000cd
2026-09-06T02:16:29.259-04:00 rx v1.notify 780701001638000000000000000000ce
2026-09-06T02:16:30.373-04:00 rx v1.notify 780701001738000000000000000000cf
2026-09-06T02:16:31.363-04:00 rx v1.notify 780701001838000000000000000000d0
2026-09-06T02:16:32.353-04:00 rx v1.notify 780701001938000000000000000000d1
2026-09-06T02:16:33.342-04:00 rx v1.notify 780701001a38000000000000000000d2
2026-09-06T02:16:34.332-04:00 rx v1.notify 780701001b38000000000000000000d3
2026-09-06T02:16:35.323-04:00 rx v1.notify 780701001c38000000000000000000d4
2026-09-06T02:16:36.312-04:00 rx v1.notify 780701001d38000000000000000000d5
2026-09-06T02:16:37.302-04:00 rx v1.notify 780701001e3a000000000000000000d8
2026-09-06T02:16:37.303-04:00 rx v1.notify 780701001e3a000000000000000000d8
2026-09-06T02:16:38.292-04:00 rx v1.notify 780701001f3a000000000000000000d9
2026-09-06T02:16:39.282-04:00 rx v1.notify 78070100203a000000000000000000da
2026-09-06T02:16:40.272-04:00 rx v1.notify 78070100213b000000000000000000dc
2026-09-06T02:16:41.262-04:00 rx v1.notify 78070100223b000000000000000000dd
2026-09-06T02:16:42.254-04:00 rx v1.notify 78070100233b000000000000000000de
2026-09-06T02:16:43.366-04:00 rx v1.notify 78070100243b000000000000000000df
2026-09-06T02:16:44.356-04:00 rx v1.notify 78070100253c000000000000000000e1
2026-09-06T02:16:45.347-04:00 rx v1.notify 78070100263c000000000000000000e2
2026-09-06T02:16:46.338-04:00 rx v1.notify 78070100273c000000000000000000e3
2026-09-06T02:16:47.328-04:00 rx v1.notify 78070100283c000000000000000000e4
2026-09-06T02:16:47.328-04:00 rx v1.notify 78070100283c000000000000000000e4
2026-09-06T02:16:48.317-04:00 rx v1.notify 78070100293b000000000000000000e4
2026-09-06T02:16:49.310-04:00 rx v1.notify 780701002a3b000000000000000000e5
2026-09-06T02:16:50.298-04:00 rx v1.notify 780701002b3b000000000000000000e6
2026-09-06T02:16:51.286-04:00 rx v1.notify 780701002c3b000000000000000000e7
2026-09-06T02:16:52.278-04:00 rx v1.notify 780701002d3b000000000000000000e8
2026-09-06T02:16:53.267-04:00 rx v1.notify 780701002e3b000000000000000000e9
2026-09-06T02:16:54.257-04:00 rx v1.notify 780701002f3b000000000000000000ea
2026-09-06T02:16:55.371-04:00 rx v1.notify 78070100303b000000000000000000eb
2026-09-06T02:16:56.363-04:00 rx v1.notify 78070100313a000000000000000000eb
2026-09-06T02:16:57.351-04:00 rx v1.notify 78070100323a000000000000000000ec
2026-09-06T02:16:57.351-04:00 rx v1.notify 78070100323a000000000000000000ec
2026-09-06T02:16:58.341-04:00 rx v1.notify 78070100333a000000000000000000ed
2026-09-06T02:16:59.331-04:00 rx v1.notify 78070100343a000000000000000000ee
2026-09-06T02:17:00.323-04:00 rx v1.notify 78070100353a000000000000000000ef
2026-09-06T02:17:01.313-04:00 rx v1.notify 780701003638000000000000000000ee
2026-09-06T02:17:02.301-04:00 rx v1.notify 780701003738000000000000000000ef
2026-09-06T02:17:03.291-04:00 rx v1.notify 780701003838000000000000000000f0
2026-09-06T02:17:04.281-04:00 rx v1.notify 780701003938000000000000000000f1
2026-09-06T02:17:05.271-04:00 rx v1.notify 780701003a38000000000000000000f2
2026-09-06T02:17:06.261-04:00 rx v1.notify 780701003b38000000000000000000f3
2026-09-06T02:17:07.251-04:00 rx v1.notify 780701003c38000000000000000000f4
2026-09-06T02:17:07.251-04:00 rx v1.notify 780701003c38000000000000000000f4
2026-09-06T02:17:08.365-04:00 rx v1.notify 780701003d38000000000000000000f5
2026-09-06T02:17:09.355-04:00 rx v1.notify 780701003e38000000000000000000f6
2026-09-06T02:17:10.345-04:00 rx v1.notify 780701003f38000000000000000000f7
2026-09-06T02:17:11.335-04:00 rx v1.notify 780701004038000000000000000000f8
2026-09-06T02:17:12.323-04:00 rx v1.notify 780701004138000000000000000000f9
2026-09-06T02:17:13.315-04:00 rx v1.notify 780701004238000000000000000000fa
2026-09-06T02:17:14.305-04:00 rx v1.notify 780701004338000000000000000000fb
2026-09-06T02:17:15.295-04:00 rx v1.notify 780701004438000000000000000000fc
2026-09-06T02:17:16.287-04:00 rx v1.notify 780701004538000000000000000000fd
2026-09-06T02:17:17.277-04:00 rx v1.notify 780701004638000000000000000000fe
2026-09-06T02:17:17.277-04:00 rx v1.notify 780701004638000000000000000000fe
2026-09-06T02:17:18.266-04:00 rx v1.notify 780701004738000000000000000000ff
2026-09-06T02:17:19.255-04:00 rx v1.notify 78070100483800000000000000000000
2026-09-06T02:17:20.371-04:00 rx v1.notify 78070100493800000000000000000001
2026-09-06T02:17:21.359-04:00 rx v1.notify 780701004a3800000000000000000002
2026-09-06T02:17:22.350-04:00 rx v1.notify 780701004b3800000000000000000003
2026-09-06T02:17:23.093-04:00 tx v1.write 77040700000000000000000000000082
2026-09-06T02:17:23.214-04:00 rx v1.notify 7307000000000000000000000000007a
2026-09-06T02:17:23.215-04:00 rx v1.notify 77000000000000000000000000000077
2026-09-06T02:17:23.215-04:00 tx v2.cmd bc41040037d5655c9c6a
2026-09-06T02:17:23.462-04:00 rx v2.notify bc423100bd690130070601665c9c6a04024b0004030000060400000000040500000406000003073903083803093c030d00061300000000
2026-09-06T02:17:23.462-04:00 tx v2.cmd bc430500a67507665c9c6a
2026-09-06T02:17:24.207-04:00 rx v2.notify bc440600ad87000100010111
2026-09-06T02:17:24.207-04:00 rx v2.notify bc454300b3f00100393939383838383838383838383838383838383a3a3a3b3b3b3b3c3c3c3c3b3b3b3b3b3b3b3b3a3a3a3a3a38383838383838383838383838383838383838383838
! 2026-09-06T02:17:24.207-04:00 disconnect requested
