# junk trace v1 — Colmi R10_F300 (fw RT03CR_1.00.02_260319), captured from the QRing 1.2.9 app log on macOS, 2026-07-02 14:16.
# columns: <iso-ts> <tx|rx> <channel> <hex>   (channel inferred: 16-byte frames + ASCII strings = v1.*, 0xbc big-data = v2.*; QRing does not log the characteristic)
# note: the QRing log renders notifications via NSData description, which elides everything between the first 16 and last 8 bytes, so the 16 big-data replies (bc 27 sleep, bc 2a SpO2, bc 25 temperature) were logged as headers only. Their bodies below are RECONSTRUCTED from the app's own database rows for 2026-07-02 using the layouts in docs/colmi-protocol.md; each reconstructed frame's CRC-16/MODBUS equals a CRC the log recorded for that reply kind (one sleep variant; two SpO2 and two temperature variants, before and after the 14:30 sample, assigned by reply time), and the logged first-16/last-8 bytes match. Everything else on every line is as logged.
# note: the four version strings after each 19 01 01 01 are GATT reads of the Device Information characteristics 2a26 and 2a27 (channels dis.fw, dis.hw); the app's log printed reads like notifications and an earlier conversion filed them on v1.notify.
# lines starting with # are comments; "! " lines are app-side events kept for orientation
! 2026-07-02T14:16:28.951 🌟+++Connect:<identifier = 3F7A2C91-6B4D-4E08-9A15-C2D8E0B47F36, name = COLMI R10_F300, mtu = 0, state = disconnected>, l
! 2026-07-02T14:16:28.957 🌟+++didConnect:<identifier = 3F7A2C91-6B4D-4E08-9A15-C2D8E0B47F36, name = COLMI R10_F300, mtu = 247, state = connected>,
2026-07-02T14:16:30.474 tx v1.write 04011200000000000000000000000017
2026-07-02T14:16:30.475 tx v1.write 0126070214163001000000000000008b
2026-07-02T14:16:34.402 rx v1.notify 04000000000000000000000000000004
! 2026-07-02T14:16:34.477 app-error init.2 时间 设置失败
2026-07-02T14:16:34.527 rx v1.notify 2ff40000000000000000000000000023
2026-07-02T14:16:34.773 rx v1.notify 01010000020000000001002000003055
2026-07-02T14:16:35.525 tx v1.write 01260702141635010000000000000090
2026-07-02T14:16:35.869 rx v1.notify 2ff40000000000000000000000000023
2026-07-02T14:16:35.966 rx v1.notify 01010000020000000001002000003055
2026-07-02T14:16:35.967 tx v1.write 3c00000000000000000000000000003c
2026-07-02T14:16:36.260 rx v1.notify 3c00ac2700000000000000000000000f
2026-07-02T14:16:36.261 tx v1.write 0a01000000000000000000000000000b
2026-07-02T14:16:36.357 rx v1.notify 0a010000001eaf46000000000000001e
2026-07-02T14:16:36.359 tx v1.write 0a020000001eaf46785096000000007d
2026-07-02T14:16:36.455 rx v1.notify 0a02000000000000000000000000000c
2026-07-02T14:16:36.455 tx v1.write 1901010100000000000000000000001c
2026-07-02T14:16:36.552 rx v1.notify 1901000100000000000000000000001b
2026-07-02T14:16:36.649 rx dis.fw 5254303343525f312e30302e30325f323630333139
2026-07-02T14:16:37.039 rx dis.hw 5254303343525f56312e30
2026-07-02T14:16:37.044 tx v1.write 03010000000000000000000000000004
2026-07-02T14:16:37.332 rx v1.notify 03640000000000000000000000000067
2026-07-02T14:16:37.338 tx v2.cmd bc300000ffff
2026-07-02T14:16:37.428 rx v2.notify bc300100bf4000
2026-07-02T14:16:37.429 tx v1.write 16010200000000000000000000000019
2026-07-02T14:16:37.722 rx v1.notify 16010105050000000000000000000022
2026-07-02T14:16:37.723 tx v1.write 2c01000000000000000000000000002d
2026-07-02T14:16:37.819 rx v1.notify 2c01011e00000000000000000000004c
2026-07-02T14:16:37.820 tx v1.write 36010000000000000000000000000037
2026-07-02T14:16:37.917 rx v1.notify 36010100000000000000000000000038
2026-07-02T14:16:37.918 tx v1.write 3801020000000000000000000000003b
2026-07-02T14:16:38.014 rx v1.notify 3801010000000000000000000000003a
2026-07-02T14:16:38.015 tx v1.write 21010000000000000000000000000022
2026-07-02T14:16:38.112 rx v1.notify 2101881300e09304b80b0000000000f7
2026-07-02T14:16:38.113 tx v1.write 3b01010000000000000000000000003d
2026-07-02T14:16:38.210 rx v1.notify 3b01010001000000000000000000003e
2026-07-02T14:16:38.210 tx v1.write 3a03010000000000000000000000003e
2026-07-02T14:16:38.307 rx v1.notify 3a03010100000000000000000000003f
2026-07-02T14:16:38.314 tx v1.write 431d0f015f01000000000000000000d0
2026-07-02T14:16:38.404 rx v1.notify 43ff0000000000000000000000000042
2026-07-02T14:16:38.405 tx v1.write 43000f005f01000000000000000000b2
2026-07-02T14:16:38.502 rx v1.notify 43f00501000000000000000000000039
2026-07-02T14:16:38.550 rx v1.notify 4326070204000570001c00130000001a
2026-07-02T14:16:38.551 rx v1.notify 432607022c01050c00030002000000b5
2026-07-02T14:16:38.599 rx v1.notify 43260702300205500cdc0218020000fd
2026-07-02T14:16:38.600 rx v1.notify 43260702340305a806730121010000f2
2026-07-02T14:16:38.696 rx v1.notify 4326070238040550050b01e6000000fa
2026-07-02T14:16:38.698 tx v1.write 43010f005f01000000000000000000b3
2026-07-02T14:16:38.988 rx v1.notify 43ff0001000000000000000000000043
2026-07-02T14:16:38.990 tx v1.write 43020f005f01000000000000000000b4
2026-07-02T14:16:39.087 rx v1.notify 43ff0000000000000000000000000042
2026-07-02T14:16:39.088 tx v1.write 43030f005f01000000000000000000b5
2026-07-02T14:16:39.233 rx v1.notify 43ff0000000000000000000000000042
2026-07-02T14:16:39.235 tx v1.write 43040f005f01000000000000000000b6
2026-07-02T14:16:39.331 rx v1.notify 43ff0000000000000000000000000042
2026-07-02T14:16:39.333 tx v1.write 43050f005f01000000000000000000b7
2026-07-02T14:16:39.428 rx v1.notify 43ff0000000000000000000000000042
2026-07-02T14:16:39.431 tx v1.write 43060f005f01000000000000000000b8
2026-07-02T14:16:39.526 rx v1.notify 43ff0000000000000000000000000042
2026-07-02T14:16:39.529 tx v1.write 43070f005f01000000000000000000b9
2026-07-02T14:16:39.623 rx v1.notify 43ff0000000000000000000000000042
2026-07-02T14:16:39.628 tx v1.write 43080f005f01000000000000000000ba
2026-07-02T14:16:39.819 rx v1.notify 43ff0000000000000000000000000042
2026-07-02T14:16:39.821 tx v1.write 43090f005f01000000000000000000bb
2026-07-02T14:16:39.916 rx v1.notify 43ff0000000000000000000000000042
2026-07-02T14:16:39.920 tx v1.write 430a0f005f01000000000000000000bc
2026-07-02T14:16:40.062 rx v1.notify 43ff0000000000000000000000000042
2026-07-02T14:16:40.064 tx v1.write 430b0f005f01000000000000000000bd
2026-07-02T14:16:40.159 rx v1.notify 43ff0000000000000000000000000042
2026-07-02T14:16:40.162 tx v1.write 430c0f005f01000000000000000000be
2026-07-02T14:16:40.258 rx v1.notify 43ff0000000000000000000000000042
2026-07-02T14:16:40.260 tx v1.write 430d0f005f01000000000000000000bf
2026-07-02T14:16:40.354 rx v1.notify 43ff0000000000000000000000000042
2026-07-02T14:16:40.357 tx v1.write 430e0f005f01000000000000000000c0
2026-07-02T14:16:40.453 rx v1.notify 43ff0000000000000000000000000042
2026-07-02T14:16:40.455 tx v1.write 430f0f005f01000000000000000000c1
2026-07-02T14:16:40.597 rx v1.notify 43ff0000000000000000000000000042
2026-07-02T14:16:40.601 tx v1.write 43100f005f01000000000000000000c2
2026-07-02T14:16:40.891 rx v1.notify 43ff0000000000000000000000000042
2026-07-02T14:16:40.894 tx v1.write 43110f005f01000000000000000000c3
2026-07-02T14:16:40.988 rx v1.notify 43ff0000000000000000000000000042
2026-07-02T14:16:40.991 tx v1.write 43120f005f01000000000000000000c4
2026-07-02T14:16:41.232 rx v1.notify 43ff0000000000000000000000000042
2026-07-02T14:16:41.235 tx v1.write 43130f005f01000000000000000000c5
2026-07-02T14:16:41.329 rx v1.notify 43ff0000000000000000000000000042
2026-07-02T14:16:41.333 tx v1.write 43140f005f01000000000000000000c6
2026-07-02T14:16:41.428 rx v1.notify 43ff0000000000000000000000000042
2026-07-02T14:16:41.431 tx v1.write 43150f005f01000000000000000000c7
2026-07-02T14:16:41.525 rx v1.notify 43ff0000000000000000000000000042
2026-07-02T14:16:41.528 tx v1.write 43160f005f01000000000000000000c8
2026-07-02T14:16:41.671 rx v1.notify 43ff0000000000000000000000000042
2026-07-02T14:16:41.675 tx v1.write 43170f005f01000000000000000000c9
2026-07-02T14:16:41.768 rx v1.notify 43ff0000000000000000000000000042
2026-07-02T14:16:41.772 tx v1.write 43180f005f01000000000000000000ca
2026-07-02T14:16:41.866 rx v1.notify 43ff0000000000000000000000000042
2026-07-02T14:16:41.870 tx v1.write 43190f005f01000000000000000000cb
2026-07-02T14:16:41.963 rx v1.notify 43ff0000000000000000000000000042
2026-07-02T14:16:41.968 tx v1.write 431a0f005f01000000000000000000cc
2026-07-02T14:16:42.109 rx v1.notify 43ff0000000000000000000000000042
2026-07-02T14:16:42.113 tx v1.write 431b0f005f01000000000000000000cd
2026-07-02T14:16:42.255 rx v1.notify 43ff0000000000000000000000000042
2026-07-02T14:16:42.259 tx v1.write 431c0f005f01000000000000000000ce
2026-07-02T14:16:42.551 rx v1.notify 43ff0000000000000000000000000042
2026-07-02T14:16:42.564 tx v1.write 48000000000000000000000000000048
2026-07-02T14:16:42.646 rx v1.notify 4800057900000000f7af0004340029cd
2026-07-02T14:16:42.657 tx v1.write 1500aa456a000000000000000000006e
2026-07-02T14:16:42.743 rx v1.notify 15001805000000000000000000000032
2026-07-02T14:16:42.792 rx v1.notify 150100aa456a3f504a473d3c3a3f75f6
2026-07-02T14:16:42.793 rx v1.notify 15023d3b3c3b3b3850524e4f49583c95
2026-07-02T14:16:42.841 rx v1.notify 15033c4739513e3a72533940524b3db5
2026-07-02T14:16:42.841 rx v1.notify 1504544b5536343455343533342f3534
2026-07-02T14:16:42.889 rx v1.notify 150532303839303430323231313131a9
2026-07-02T14:16:42.890 rx v1.notify 150633313130302f2f393f3237512ece
2026-07-02T14:16:42.987 rx v1.notify 15073d393439323439304230373031d8
2026-07-02T14:16:42.987 rx v1.notify 15082f393831382f37395d30353a30f1
2026-07-02T14:16:43.035 rx v1.notify 150932303032323332334a5f31363df9
2026-07-02T14:16:43.035 rx v1.notify 150a3e313533323445303231303132c7
2026-07-02T14:16:43.134 rx v1.notify 150b4c32343131324b323130313236dd
2026-07-02T14:16:43.134 rx v1.notify 150c353233363835473d554d586f539e
2026-07-02T14:16:43.230 rx v1.notify 150d54525346514b46574a3f3c57560c
2026-07-02T14:16:43.231 rx v1.notify 150e443d3e4255654700000000000025
2026-07-02T14:16:43.279 rx v1.notify 150f0000000000000000000000000024
2026-07-02T14:16:43.376 rx v1.notify 15100000000000000000000000000025
2026-07-02T14:16:43.377 rx v1.notify 15110000000000000000000000000026
2026-07-02T14:16:43.426 rx v1.notify 15120000000000000000000000000027
2026-07-02T14:16:43.426 rx v1.notify 15130000000000000000000000000028
2026-07-02T14:16:43.474 rx v1.notify 15140000000000000000000000000029
2026-07-02T14:16:43.475 rx v1.notify 1515000000000000000000000000002a
2026-07-02T14:16:43.523 rx v1.notify 1516000000000000000000000000002b
2026-07-02T14:16:43.523 rx v1.notify 1517000000000000000000000000002c
2026-07-02T14:16:43.542 tx v1.write 37000000000000000000000000000037
2026-07-02T14:16:43.621 rx v1.notify 3700051e00000000000000000000005a
2026-07-02T14:16:43.670 rx v1.notify 3701002b2724222f2e2a232227242108
2026-07-02T14:16:43.672 rx v1.notify 37022d312c20312f2f2823272e282e68
2026-07-02T14:16:43.719 rx v1.notify 3703312d292e000000000000000000ef
2026-07-02T14:16:43.719 rx v1.notify 3704000000000000000000000000003b
2026-07-02T14:16:43.732 tx v1.write 39000000000000000000000000000039
2026-07-02T14:16:43.864 rx v1.notify 3900051e00000000000000000000005c
2026-07-02T14:16:43.865 rx v1.notify 3901001e002b0031002d002a001f002a
2026-07-02T14:16:43.914 rx v1.notify 39023200200024002c0024002500264c
2026-07-02T14:16:43.915 rx v1.notify 39030026002700000000000000000089
2026-07-02T14:16:43.964 rx v1.notify 3904000000000000000000000000003d
2026-07-02T14:16:43.975 tx v2.cmd bc2a0100ff00ff
2026-07-02T14:16:44.060 rx v2.notify bc2a31003e9800626260606161636360606060616161616060616160606060616161610000000000000000000000000000000000000000
2026-07-02T14:16:44.074 tx v2.cmd bc270200c3d00601
2026-07-02T14:16:44.351 rx v2.notify bc27310039ec01002ebb00c50202180320021804100225030b02240413021d0312020b041b02160309021e0412022b031b0219040f0231
2026-07-02T14:16:44.390 tx v2.cmd bc250100bf4000
2026-07-02T14:16:44.645 rx v2.notify bc2532004e81001ea7a8a8a8a8a8a1a8a7a8a8a7a6a7a7a7a7a7a7a6a6a7a8a7a5a0a6a6a700000000000000000000000000000000000000
2026-07-02T14:16:44.681 tx v2.cmd bc4104008f684e742169
2026-07-02T14:16:44.937 rx v2.notify bc420100bf4000
2026-07-02T14:16:55.673 tx v1.write 43000f005f01000000000000000000b2
2026-07-02T14:16:55.858 rx v1.notify 43f00501000000000000000000000039
2026-07-02T14:16:55.906 rx v1.notify 4326070204000570001c00130000001a
2026-07-02T14:16:55.907 rx v1.notify 432607022c01050c00030002000000b5
2026-07-02T14:16:55.954 rx v1.notify 43260702300205500cdc0218020000fd
2026-07-02T14:16:55.955 rx v1.notify 43260702340305a806730121010000f2
2026-07-02T14:16:56.003 rx v1.notify 4326070238040550050b01e6000000fa
2026-07-02T14:16:56.004 tx v1.write 43010f005f01000000000000000000b3
2026-07-02T14:16:56.102 rx v1.notify 43ff0001000000000000000000000043
2026-07-02T14:16:56.118 tx v1.write 48000000000000000000000000000048
2026-07-02T14:16:56.199 rx v1.notify 4800057900000000f7af0004340029cd
2026-07-02T14:16:56.213 tx v1.write 1500aa456a000000000000000000006e
2026-07-02T14:16:56.297 rx v1.notify 15001805000000000000000000000032
2026-07-02T14:16:56.345 rx v1.notify 150100aa456a3f504a473d3c3a3f75f6
2026-07-02T14:16:56.346 rx v1.notify 15023d3b3c3b3b3850524e4f49583c95
2026-07-02T14:16:56.491 rx v1.notify 15033c4739513e3a72533940524b3db5
2026-07-02T14:16:56.492 rx v1.notify 1504544b5536343455343533342f3534
2026-07-02T14:16:56.540 rx v1.notify 150532303839303430323231313131a9
2026-07-02T14:16:56.540 rx v1.notify 150633313130302f2f393f3237512ece
2026-07-02T14:16:56.588 rx v1.notify 15073d393439323439304230373031d8
2026-07-02T14:16:56.589 rx v1.notify 15082f393831382f37395d30353a30f1
2026-07-02T14:16:56.637 rx v1.notify 150932303032323332334a5f31363df9
2026-07-02T14:16:56.638 rx v1.notify 150a3e313533323445303231303132c7
2026-07-02T14:16:56.687 rx v1.notify 150b4c32343131324b323130313236dd
2026-07-02T14:16:56.687 rx v1.notify 150c353233363835473d554d586f539e
2026-07-02T14:16:56.734 rx v1.notify 150d54525346514b46574a3f3c57560c
2026-07-02T14:16:56.735 rx v1.notify 150e443d3e4255654700000000000025
2026-07-02T14:16:56.783 rx v1.notify 150f0000000000000000000000000024
2026-07-02T14:16:56.784 rx v1.notify 15100000000000000000000000000025
2026-07-02T14:16:56.832 rx v1.notify 15110000000000000000000000000026
2026-07-02T14:16:56.833 rx v1.notify 15120000000000000000000000000027
2026-07-02T14:16:56.881 rx v1.notify 15130000000000000000000000000028
2026-07-02T14:16:56.930 rx v1.notify 15140000000000000000000000000029
2026-07-02T14:16:56.931 rx v1.notify 1515000000000000000000000000002a
2026-07-02T14:16:56.978 rx v1.notify 1516000000000000000000000000002b
2026-07-02T14:16:56.979 rx v1.notify 1517000000000000000000000000002c
2026-07-02T14:16:56.993 tx v1.write 37000000000000000000000000000037
2026-07-02T14:16:57.078 rx v1.notify 3700051e00000000000000000000005a
2026-07-02T14:16:57.125 rx v1.notify 3701002b2724222f2e2a232227242108
2026-07-02T14:16:57.127 rx v1.notify 37022d312c20312f2f2823272e282e68
2026-07-02T14:16:57.174 rx v1.notify 3703312d292e000000000000000000ef
2026-07-02T14:16:57.175 rx v1.notify 3704000000000000000000000000003b
2026-07-02T14:16:57.188 tx v1.write 39000000000000000000000000000039
2026-07-02T14:16:57.273 rx v1.notify 3900051e00000000000000000000005c
2026-07-02T14:16:57.321 rx v1.notify 3901001e002b0031002d002a001f002a
2026-07-02T14:16:57.321 rx v1.notify 39023200200024002c0024002500264c
2026-07-02T14:16:57.369 rx v1.notify 39030026002700000000000000000089
2026-07-02T14:16:57.369 rx v1.notify 3904000000000000000000000000003d
2026-07-02T14:16:57.378 tx v2.cmd bc2a01003e8102
2026-07-02T14:16:57.515 rx v2.notify bc2a31003e9800626260606161636360606060616161616060616160606060616161610000000000000000000000000000000000000000
2026-07-02T14:16:57.529 tx v2.cmd bc270200c1e00101
2026-07-02T14:16:57.807 rx v2.notify bc27310039ec01002ebb00c50202180320021804100225030b02240413021d0312020b041b02160309021e0412022b031b0219040f0231
2026-07-02T14:16:57.849 tx v2.cmd bc250100bf4000
2026-07-02T14:16:58.099 rx v2.notify bc2532004e81001ea7a8a8a8a8a8a1a8a7a8a8a7a6a7a7a7a7a7a7a6a6a7a8a7a5a0a6a6a700000000000000000000000000000000000000
2026-07-02T14:16:58.136 tx v2.cmd bc4104008f684e742169
2026-07-02T14:16:58.392 rx v2.notify bc420100bf4000
2026-07-02T14:20:17.287 rx v1.notify 73010000000000000000000000000074
2026-07-02T14:20:17.292 tx v1.write 1500aa456a000000000000000000006e
2026-07-02T14:20:18.155 rx v1.notify 15001805000000000000000000000032
2026-07-02T14:20:18.278 rx v1.notify 150100aa456a3f504a473d3c3a3f75f6
2026-07-02T14:20:18.279 rx v1.notify 15023d3b3c3b3b3850524e4f49583c95
2026-07-02T14:20:18.401 rx v1.notify 15033c4739513e3a72533940524b3db5
2026-07-02T14:20:18.648 rx v1.notify 1504544b5536343455343533342f3534
2026-07-02T14:20:18.649 rx v1.notify 150532303839303430323231313131a9
2026-07-02T14:20:18.772 rx v1.notify 150633313130302f2f393f3237512ece
2026-07-02T14:20:18.773 rx v1.notify 15073d393439323439304230373031d8
2026-07-02T14:20:18.896 rx v1.notify 15082f393831382f37395d30353a30f1
2026-07-02T14:20:19.144 rx v1.notify 150932303032323332334a5f31363df9
2026-07-02T14:20:19.145 rx v1.notify 150a3e313533323445303231303132c7
2026-07-02T14:20:19.268 rx v1.notify 150b4c32343131324b323130313236dd
2026-07-02T14:20:19.269 rx v1.notify 150c353233363835473d554d586f539e
2026-07-02T14:20:19.392 rx v1.notify 150d54525346514b46574a3f3c57560c
2026-07-02T14:20:19.393 rx v1.notify 150e443d3e425565476b000000000090
2026-07-02T14:20:19.514 rx v1.notify 150f0000000000000000000000000024
2026-07-02T14:20:19.515 rx v1.notify 15100000000000000000000000000025
2026-07-02T14:20:19.638 rx v1.notify 15110000000000000000000000000026
2026-07-02T14:20:19.639 rx v1.notify 15120000000000000000000000000027
2026-07-02T14:20:19.886 rx v1.notify 15130000000000000000000000000028
2026-07-02T14:20:19.934 rx v1.notify 15140000000000000000000000000029
2026-07-02T14:20:19.935 rx v1.notify 1515000000000000000000000000002a
2026-07-02T14:20:20.033 rx v1.notify 1516000000000000000000000000002b
2026-07-02T14:20:20.033 rx v1.notify 1517000000000000000000000000002c
2026-07-02T14:25:17.272 rx v1.notify 73010000000000000000000000000074
2026-07-02T14:25:17.278 tx v1.write 1500aa456a000000000000000000006e
2026-07-02T14:25:17.892 rx v1.notify 15001805000000000000000000000032
2026-07-02T14:25:18.015 rx v1.notify 150100aa456a3f504a473d3c3a3f75f6
2026-07-02T14:25:18.016 rx v1.notify 15023d3b3c3b3b3850524e4f49583c95
2026-07-02T14:25:18.139 rx v1.notify 15033c4739513e3a72533940524b3db5
2026-07-02T14:25:18.140 rx v1.notify 1504544b5536343455343533342f3534
2026-07-02T14:25:18.262 rx v1.notify 150532303839303430323231313131a9
2026-07-02T14:25:18.264 rx v1.notify 150633313130302f2f393f3237512ece
2026-07-02T14:25:18.388 rx v1.notify 15073d393439323439304230373031d8
2026-07-02T14:25:18.510 rx v1.notify 15082f393831382f37395d30353a30f1
2026-07-02T14:25:18.634 rx v1.notify 150932303032323332334a5f31363df9
2026-07-02T14:25:18.635 rx v1.notify 150a3e313533323445303231303132c7
2026-07-02T14:25:18.758 rx v1.notify 150b4c32343131324b323130313236dd
2026-07-02T14:25:18.759 rx v1.notify 150c353233363835473d554d586f539e
2026-07-02T14:25:18.881 rx v1.notify 150d54525346514b46574a3f3c57560c
2026-07-02T14:25:19.128 rx v1.notify 150e443d3e425565476b5700000000e7
2026-07-02T14:25:19.129 rx v1.notify 150f0000000000000000000000000024
2026-07-02T14:25:19.251 rx v1.notify 15100000000000000000000000000025
2026-07-02T14:25:19.253 rx v1.notify 15110000000000000000000000000026
2026-07-02T14:25:19.376 rx v1.notify 15120000000000000000000000000027
2026-07-02T14:25:19.377 rx v1.notify 15130000000000000000000000000028
2026-07-02T14:25:19.500 rx v1.notify 15140000000000000000000000000029
2026-07-02T14:25:19.502 rx v1.notify 1515000000000000000000000000002a
2026-07-02T14:25:19.909 rx v1.notify 1516000000000000000000000000002b
2026-07-02T14:25:19.910 rx v1.notify 1517000000000000000000000000002c
2026-07-02T14:27:15.601 tx v1.write 43000f005f01000000000000000000b2
2026-07-02T14:27:16.287 rx v1.notify 43f00501000000000000000000000039
2026-07-02T14:27:16.410 rx v1.notify 4326070204000570001c00130000001a
2026-07-02T14:27:16.411 rx v1.notify 432607022c01050c00030002000000b5
2026-07-02T14:27:16.905 rx v1.notify 43260702300205500cdc0218020000fd
2026-07-02T14:27:16.906 rx v1.notify 43260702340305a806730121010000f2
2026-07-02T14:27:17.029 rx v1.notify 4326070238040550050b01e6000000fa
2026-07-02T14:27:17.031 tx v1.write 43010f005f01000000000000000000b3
2026-07-02T14:27:17.400 rx v1.notify 43ff0001000000000000000000000043
2026-07-02T14:27:17.411 tx v1.write 48000000000000000000000000000048
2026-07-02T14:27:18.143 rx v1.notify 4800057900000000f7af0004340029cd
2026-07-02T14:27:18.152 tx v1.write 1500aa456a000000000000000000006e
2026-07-02T14:27:19.134 rx v1.notify 15001805000000000000000000000032
2026-07-02T14:27:19.135 rx v1.notify 150100aa456a3f504a473d3c3a3f75f6
2026-07-02T14:27:19.257 rx v1.notify 15023d3b3c3b3b3850524e4f49583c95
2026-07-02T14:27:19.257 rx v1.notify 15033c4739513e3a72533940524b3db5
2026-07-02T14:27:19.380 rx v1.notify 1504544b5536343455343533342f3534
2026-07-02T14:27:19.381 rx v1.notify 150532303839303430323231313131a9
2026-07-02T14:27:19.503 rx v1.notify 150633313130302f2f393f3237512ece
2026-07-02T14:27:19.504 rx v1.notify 15073d393439323439304230373031d8
2026-07-02T14:27:19.627 rx v1.notify 15082f393831382f37395d30353a30f1
2026-07-02T14:27:19.628 rx v1.notify 150932303032323332334a5f31363df9
2026-07-02T14:27:19.754 rx v1.notify 150a3e313533323445303231303132c7
2026-07-02T14:27:19.754 rx v1.notify 150b4c32343131324b323130313236dd
2026-07-02T14:27:19.999 rx v1.notify 150c353233363835473d554d586f539e
2026-07-02T14:27:19.999 rx v1.notify 150d54525346514b46574a3f3c57560c
2026-07-02T14:27:20.122 rx v1.notify 150e443d3e425565476b5700000000e7
2026-07-02T14:27:20.123 rx v1.notify 150f0000000000000000000000000024
2026-07-02T14:27:20.371 rx v1.notify 15100000000000000000000000000025
2026-07-02T14:27:20.372 rx v1.notify 15110000000000000000000000000026
2026-07-02T14:27:20.618 rx v1.notify 15120000000000000000000000000027
2026-07-02T14:27:20.619 rx v1.notify 15130000000000000000000000000028
2026-07-02T14:27:21.117 rx v1.notify 15140000000000000000000000000029
2026-07-02T14:27:21.118 rx v1.notify 1515000000000000000000000000002a
2026-07-02T14:27:21.216 rx v1.notify 1516000000000000000000000000002b
2026-07-02T14:27:21.216 rx v1.notify 1517000000000000000000000000002c
2026-07-02T14:27:21.230 tx v1.write 37000000000000000000000000000037
2026-07-02T14:27:21.314 rx v1.notify 3700051e00000000000000000000005a
2026-07-02T14:27:21.361 rx v1.notify 3701002b2724222f2e2a232227242108
2026-07-02T14:27:21.362 rx v1.notify 37022d312c20312f2f2823272e282e68
2026-07-02T14:27:21.410 rx v1.notify 3703312d292e000000000000000000ef
2026-07-02T14:27:21.411 rx v1.notify 3704000000000000000000000000003b
2026-07-02T14:27:21.422 tx v1.write 39000000000000000000000000000039
2026-07-02T14:27:21.509 rx v1.notify 3900051e00000000000000000000005c
2026-07-02T14:27:21.605 rx v1.notify 3901001e002b0031002d002a001f002a
2026-07-02T14:27:21.606 rx v1.notify 39023200200024002c0024002500264c
2026-07-02T14:27:21.751 rx v1.notify 39030026002700000000000000000089
2026-07-02T14:27:21.751 rx v1.notify 3904000000000000000000000000003d
2026-07-02T14:27:21.761 tx v2.cmd bc2a01003e8102
2026-07-02T14:27:21.849 rx v2.notify bc2a31003e9800626260606161636360606060616161616060616160606060616161610000000000000000000000000000000000000000
2026-07-02T14:27:21.861 tx v2.cmd bc270200c1e00101
2026-07-02T14:27:22.141 rx v2.notify bc27310039ec01002ebb00c50202180320021804100225030b02240413021d0312020b041b02160309021e0412022b031b0219040f0231
2026-07-02T14:27:22.182 tx v2.cmd bc250100bf4000
2026-07-02T14:27:22.384 rx v2.notify bc2532004e81001ea7a8a8a8a8a8a1a8a7a8a8a7a6a7a7a7a7a7a7a6a6a7a8a7a5a0a6a6a700000000000000000000000000000000000000
2026-07-02T14:27:22.418 tx v2.cmd bc4104008f684e742169
2026-07-02T14:27:22.677 rx v2.notify bc420100bf4000
2026-07-02T14:30:10.905 rx v1.notify 7327a600000000000000000000000040
2026-07-02T14:30:15.979 rx v1.notify 73010000000000000000000000000074
2026-07-02T14:30:15.984 tx v1.write 1500aa456a000000000000000000006e
2026-07-02T14:30:17.463 rx v1.notify 15001805000000000000000000000032
2026-07-02T14:30:17.465 rx v1.notify 150100aa456a3f504a473d3c3a3f75f6
2026-07-02T14:30:17.587 rx v1.notify 15023d3b3c3b3b3850524e4f49583c95
2026-07-02T14:30:17.587 rx v1.notify 15033c4739513e3a72533940524b3db5
2026-07-02T14:30:17.711 rx v1.notify 1504544b5536343455343533342f3534
2026-07-02T14:30:17.835 rx v1.notify 150532303839303430323231313131a9
2026-07-02T14:30:17.836 rx v1.notify 150633313130302f2f393f3237512ece
2026-07-02T14:30:17.958 rx v1.notify 15073d393439323439304230373031d8
2026-07-02T14:30:17.959 rx v1.notify 15082f393831382f37395d30353a30f1
2026-07-02T14:30:18.207 rx v1.notify 150932303032323332334a5f31363df9
2026-07-02T14:30:18.720 rx v1.notify 150a3e313533323445303231303132c7
2026-07-02T14:30:18.720 rx v1.notify 150b4c32343131324b323130313236dd
2026-07-02T14:30:18.914 rx v1.notify 150c353233363835473d554d586f539e
2026-07-02T14:30:18.963 rx v1.notify 150d54525346514b46574a3f3c57560c
2026-07-02T14:30:19.060 rx v1.notify 150e443d3e425565476b575000000037
2026-07-02T14:30:19.061 rx v1.notify 150f0000000000000000000000000024
2026-07-02T14:30:19.109 rx v1.notify 15100000000000000000000000000025
2026-07-02T14:30:19.110 rx v1.notify 15110000000000000000000000000026
2026-07-02T14:30:19.207 rx v1.notify 15120000000000000000000000000027
2026-07-02T14:30:19.208 rx v1.notify 15130000000000000000000000000028
2026-07-02T14:30:19.305 rx v1.notify 15140000000000000000000000000029
2026-07-02T14:30:19.306 rx v1.notify 1515000000000000000000000000002a
2026-07-02T14:30:19.451 rx v1.notify 1516000000000000000000000000002b
2026-07-02T14:30:19.452 rx v1.notify 1517000000000000000000000000002c
2026-07-02T14:30:52.982 rx v1.notify 732c23000000000000000000000000c2
2026-07-02T14:30:52.983 tx v1.write 37000000000000000000000000000037
2026-07-02T14:30:53.600 rx v1.notify 3700051e00000000000000000000005a
2026-07-02T14:30:53.972 rx v1.notify 3701002b2724222f2e2a232227242108
2026-07-02T14:30:54.219 rx v1.notify 37022d312c20312f2f2823272e282e68
2026-07-02T14:30:54.220 rx v1.notify 3703312d292e23000000000000000012
2026-07-02T14:30:54.342 rx v1.notify 3704000000000000000000000000003b
2026-07-02T14:32:18.124 rx v1.notify 73030000000000000000000000000076
2026-07-02T14:32:18.128 tx v2.cmd bc2a01003e8102
2026-07-02T14:32:19.362 rx v2.notify bc2a3100294f00626260606161636360606060616161616060616160606060616161616363000000000000000000000000000000000000
2026-07-02T14:35:16.205 rx v1.notify 73010000000000000000000000000074
2026-07-02T14:35:16.208 tx v1.write 1500aa456a000000000000000000006e
2026-07-02T14:35:16.576 rx v1.notify 15001805000000000000000000000032
2026-07-02T14:35:16.577 rx v1.notify 150100aa456a3f504a473d3c3a3f75f6
2026-07-02T14:35:16.825 rx v1.notify 15023d3b3c3b3b3850524e4f49583c95
2026-07-02T14:35:16.825 rx v1.notify 15033c4739513e3a72533940524b3db5
2026-07-02T14:35:17.072 rx v1.notify 1504544b5536343455343533342f3534
2026-07-02T14:35:17.195 rx v1.notify 150532303839303430323231313131a9
2026-07-02T14:35:17.196 rx v1.notify 150633313130302f2f393f3237512ece
2026-07-02T14:35:17.319 rx v1.notify 15073d393439323439304230373031d8
2026-07-02T14:35:17.443 rx v1.notify 15082f393831382f37395d30353a30f1
2026-07-02T14:35:17.444 rx v1.notify 150932303032323332334a5f31363df9
2026-07-02T14:35:17.567 rx v1.notify 150a3e313533323445303231303132c7
2026-07-02T14:35:17.568 rx v1.notify 150b4c32343131324b323130313236dd
2026-07-02T14:35:17.691 rx v1.notify 150c353233363835473d554d586f539e
2026-07-02T14:35:17.692 rx v1.notify 150d54525346514b46574a3f3c57560c
2026-07-02T14:35:17.814 rx v1.notify 150e443d3e425565476b575051000088
2026-07-02T14:35:17.815 rx v1.notify 150f0000000000000000000000000024
2026-07-02T14:35:17.939 rx v1.notify 15100000000000000000000000000025
2026-07-02T14:35:17.939 rx v1.notify 15110000000000000000000000000026
2026-07-02T14:35:18.062 rx v1.notify 15120000000000000000000000000027
2026-07-02T14:35:18.063 rx v1.notify 15130000000000000000000000000028
2026-07-02T14:35:18.186 rx v1.notify 15140000000000000000000000000029
2026-07-02T14:35:18.186 rx v1.notify 1515000000000000000000000000002a
2026-07-02T14:35:18.310 rx v1.notify 1516000000000000000000000000002b
2026-07-02T14:35:18.312 rx v1.notify 1517000000000000000000000000002c
2026-07-02T14:36:40.856 rx v1.notify 731200058500f98f00043c00000000d7
! 2026-07-02T14:39:19.623 🌟+++断开连接didDisconnectPeriphera:<identifier = 3F7A2C91-6B4D-4E08-9A15-C2D8E0B47F36, name = COLMI R10_F300, mtu = 23, stat
! 2026-07-02T14:39:19.625 🌟+++Connect:<identifier = 3F7A2C91-6B4D-4E08-9A15-C2D8E0B47F36, name = COLMI R10_F300, mtu = 23, state = disconnected>, 
! 2026-07-02T14:39:23.626 🌟+++Connect:<identifier = 3F7A2C91-6B4D-4E08-9A15-C2D8E0B47F36, name = COLMI R10_F300, mtu = 23, state = connecting>, la
! 2026-07-02T14:39:23.626 🌟+++自己调用断连disconnect:<identifier = 3F7A2C91-6B4D-4E08-9A15-C2D8E0B47F36, name = COLMI R10_F300, mtu = 23, state = connec
! 2026-07-02T14:39:23.627 🌟+++断开连接didDisconnectPeriphera:<identifier = 3F7A2C91-6B4D-4E08-9A15-C2D8E0B47F36, name = COLMI R10_F300, mtu = 23, stat
! 2026-07-02T14:39:27.626 🌟+++Connect:<identifier = 3F7A2C91-6B4D-4E08-9A15-C2D8E0B47F36, name = COLMI R10_F300, mtu = 23, state = disconnected>, 
! 2026-07-02T14:39:31.626 🌟+++Connect:<identifier = 3F7A2C91-6B4D-4E08-9A15-C2D8E0B47F36, name = COLMI R10_F300, mtu = 23, state = connecting>, la
! 2026-07-02T14:39:31.627 🌟+++自己调用断连disconnect:<identifier = 3F7A2C91-6B4D-4E08-9A15-C2D8E0B47F36, name = COLMI R10_F300, mtu = 23, state = connec
! 2026-07-02T14:39:31.627 🌟+++断开连接didDisconnectPeriphera:<identifier = 3F7A2C91-6B4D-4E08-9A15-C2D8E0B47F36, name = COLMI R10_F300, mtu = 23, stat
! 2026-07-02T14:39:35.626 🌟+++Connect:<identifier = 3F7A2C91-6B4D-4E08-9A15-C2D8E0B47F36, name = COLMI R10_F300, mtu = 23, state = disconnected>, 
! 2026-07-02T14:39:39.627 🌟+++Connect:<identifier = 3F7A2C91-6B4D-4E08-9A15-C2D8E0B47F36, name = COLMI R10_F300, mtu = 23, state = connecting>, la
! 2026-07-02T14:39:39.627 🌟+++自己调用断连disconnect:<identifier = 3F7A2C91-6B4D-4E08-9A15-C2D8E0B47F36, name = COLMI R10_F300, mtu = 23, state = connec
! 2026-07-02T14:39:39.628 🌟+++断开连接didDisconnectPeriphera:<identifier = 3F7A2C91-6B4D-4E08-9A15-C2D8E0B47F36, name = COLMI R10_F300, mtu = 23, stat
! 2026-07-02T14:39:43.627 🌟+++Connect:<identifier = 3F7A2C91-6B4D-4E08-9A15-C2D8E0B47F36, name = COLMI R10_F300, mtu = 23, state = disconnected>, 
! 2026-07-02T14:39:47.627 🌟+++Connect:<identifier = 3F7A2C91-6B4D-4E08-9A15-C2D8E0B47F36, name = COLMI R10_F300, mtu = 23, state = connecting>, la
! 2026-07-02T14:39:47.627 🌟+++自己调用断连disconnect:<identifier = 3F7A2C91-6B4D-4E08-9A15-C2D8E0B47F36, name = COLMI R10_F300, mtu = 23, state = connec
! 2026-07-02T14:39:47.628 🌟+++断开连接didDisconnectPeriphera:<identifier = 3F7A2C91-6B4D-4E08-9A15-C2D8E0B47F36, name = COLMI R10_F300, mtu = 23, stat
! 2026-07-02T14:39:51.627 🌟+++Connect:<identifier = 3F7A2C91-6B4D-4E08-9A15-C2D8E0B47F36, name = COLMI R10_F300, mtu = 23, state = disconnected>, 
! 2026-07-02T14:39:55.626 🌟+++Connect:<identifier = 3F7A2C91-6B4D-4E08-9A15-C2D8E0B47F36, name = COLMI R10_F300, mtu = 23, state = connecting>, la
! 2026-07-02T14:39:55.626 🌟+++自己调用断连disconnect:<identifier = 3F7A2C91-6B4D-4E08-9A15-C2D8E0B47F36, name = COLMI R10_F300, mtu = 23, state = connec
! 2026-07-02T14:39:55.627 🌟+++断开连接didDisconnectPeriphera:<identifier = 3F7A2C91-6B4D-4E08-9A15-C2D8E0B47F36, name = COLMI R10_F300, mtu = 23, stat
! 2026-07-02T14:39:59.627 🌟+++Connect:<identifier = 3F7A2C91-6B4D-4E08-9A15-C2D8E0B47F36, name = COLMI R10_F300, mtu = 23, state = disconnected>, 
! 2026-07-02T14:40:03.627 🌟+++Connect:<identifier = 3F7A2C91-6B4D-4E08-9A15-C2D8E0B47F36, name = COLMI R10_F300, mtu = 23, state = connecting>, la
! 2026-07-02T14:40:03.627 🌟+++自己调用断连disconnect:<identifier = 3F7A2C91-6B4D-4E08-9A15-C2D8E0B47F36, name = COLMI R10_F300, mtu = 23, state = connec
! 2026-07-02T14:40:03.628 🌟+++断开连接didDisconnectPeriphera:<identifier = 3F7A2C91-6B4D-4E08-9A15-C2D8E0B47F36, name = COLMI R10_F300, mtu = 23, stat
! 2026-07-02T14:40:07.627 🌟+++Connect:<identifier = 3F7A2C91-6B4D-4E08-9A15-C2D8E0B47F36, name = COLMI R10_F300, mtu = 23, state = disconnected>, 
! 2026-07-02T14:40:11.627 🌟+++Connect:<identifier = 3F7A2C91-6B4D-4E08-9A15-C2D8E0B47F36, name = COLMI R10_F300, mtu = 23, state = connecting>, la
! 2026-07-02T14:40:11.627 🌟+++自己调用断连disconnect:<identifier = 3F7A2C91-6B4D-4E08-9A15-C2D8E0B47F36, name = COLMI R10_F300, mtu = 23, state = connec
! 2026-07-02T14:40:11.628 🌟+++断开连接didDisconnectPeriphera:<identifier = 3F7A2C91-6B4D-4E08-9A15-C2D8E0B47F36, name = COLMI R10_F300, mtu = 23, stat
! 2026-07-02T14:40:15.627 🌟+++Connect:<identifier = 3F7A2C91-6B4D-4E08-9A15-C2D8E0B47F36, name = COLMI R10_F300, mtu = 23, state = disconnected>, 
! 2026-07-02T14:40:19.627 🌟+++Connect:<identifier = 3F7A2C91-6B4D-4E08-9A15-C2D8E0B47F36, name = COLMI R10_F300, mtu = 23, state = connecting>, la
! 2026-07-02T14:40:19.627 🌟+++自己调用断连disconnect:<identifier = 3F7A2C91-6B4D-4E08-9A15-C2D8E0B47F36, name = COLMI R10_F300, mtu = 23, state = connec
! 2026-07-02T14:40:19.628 🌟+++断开连接didDisconnectPeriphera:<identifier = 3F7A2C91-6B4D-4E08-9A15-C2D8E0B47F36, name = COLMI R10_F300, mtu = 23, stat
! 2026-07-02T14:40:23.627 🌟+++Connect:<identifier = 3F7A2C91-6B4D-4E08-9A15-C2D8E0B47F36, name = COLMI R10_F300, mtu = 23, state = disconnected>, 
! 2026-07-02T14:40:27.627 🌟+++Connect:<identifier = 3F7A2C91-6B4D-4E08-9A15-C2D8E0B47F36, name = COLMI R10_F300, mtu = 23, state = connecting>, la
! 2026-07-02T14:40:27.628 🌟+++自己调用断连disconnect:<identifier = 3F7A2C91-6B4D-4E08-9A15-C2D8E0B47F36, name = COLMI R10_F300, mtu = 23, state = connec
! 2026-07-02T14:40:27.628 🌟+++断开连接didDisconnectPeriphera:<identifier = 3F7A2C91-6B4D-4E08-9A15-C2D8E0B47F36, name = COLMI R10_F300, mtu = 23, stat
! 2026-07-02T14:40:31.627 🌟+++Connect:<identifier = 3F7A2C91-6B4D-4E08-9A15-C2D8E0B47F36, name = COLMI R10_F300, mtu = 23, state = disconnected>, 
! 2026-07-02T14:40:35.628 🌟+++Connect:<identifier = 3F7A2C91-6B4D-4E08-9A15-C2D8E0B47F36, name = COLMI R10_F300, mtu = 23, state = connecting>, la
! 2026-07-02T14:40:35.628 🌟+++自己调用断连disconnect:<identifier = 3F7A2C91-6B4D-4E08-9A15-C2D8E0B47F36, name = COLMI R10_F300, mtu = 23, state = connec
! 2026-07-02T14:40:35.629 🌟+++断开连接didDisconnectPeriphera:<identifier = 3F7A2C91-6B4D-4E08-9A15-C2D8E0B47F36, name = COLMI R10_F300, mtu = 23, stat
! 2026-07-02T14:40:37.745 🌟+++didConnect:<identifier = 3F7A2C91-6B4D-4E08-9A15-C2D8E0B47F36, name = COLMI R10_F300, mtu = 23, state = connected>, 
2026-07-02T14:40:38.365 tx v1.write 04011200000000000000000000000017
2026-07-02T14:40:38.366 tx v1.write 012607021440380100000000000000bd
2026-07-02T14:40:38.470 rx v1.notify 04000000000000000000000000000004
2026-07-02T14:40:38.485 rx v1.notify 2ff40000000000000000000000000023
2026-07-02T14:40:38.501 rx v1.notify 01010000020000000001002000003055
2026-07-02T14:40:38.501 tx v1.write 3c00000000000000000000000000003c
2026-07-02T14:40:38.595 rx v1.notify 3c00ac2700000000000000000000000f
2026-07-02T14:40:38.596 tx v1.write 0a01000000000000000000000000000b
2026-07-02T14:40:38.672 rx v1.notify 0a010000001eaf46000000000000001e
2026-07-02T14:40:38.673 tx v1.write 0a020000001eaf46785096000000007d
2026-07-02T14:40:38.747 rx v1.notify 0a02000000000000000000000000000c
2026-07-02T14:40:38.747 tx v1.write 1901010100000000000000000000001c
2026-07-02T14:40:38.857 rx v1.notify 1901000100000000000000000000001b
2026-07-02T14:40:39.083 rx dis.fw 5254303343525f312e30302e30325f323630333139
2026-07-02T14:40:39.308 rx dis.hw 5254303343525f56312e30
2026-07-02T14:40:39.314 tx v1.write 03010000000000000000000000000004
2026-07-02T14:40:39.420 rx v1.notify 03640000000000000000000000000067
2026-07-02T14:40:39.430 tx v2.cmd bc300000ffff
2026-07-02T14:40:39.494 rx v2.notify bc300100bf4000
2026-07-02T14:40:39.495 tx v1.write 16010200000000000000000000000019
2026-07-02T14:40:39.720 rx v1.notify 16010105050000000000000000000022
2026-07-02T14:40:39.720 tx v1.write 2c01000000000000000000000000002d
2026-07-02T14:40:39.795 rx v1.notify 2c01011e00000000000000000000004c
2026-07-02T14:40:39.796 tx v1.write 36010000000000000000000000000037
2026-07-02T14:40:39.871 rx v1.notify 36010100000000000000000000000038
2026-07-02T14:40:39.872 tx v1.write 3801020000000000000000000000003b
2026-07-02T14:40:39.945 rx v1.notify 3801010000000000000000000000003a
2026-07-02T14:40:39.946 tx v1.write 21010000000000000000000000000022
2026-07-02T14:40:40.021 rx v1.notify 2101881300e09304b80b0000000000f7
2026-07-02T14:40:40.021 tx v1.write 3b01010000000000000000000000003d
2026-07-02T14:40:40.097 rx v1.notify 3b01010001000000000000000000003e
2026-07-02T14:40:40.097 tx v1.write 3a03010000000000000000000000003e
2026-07-02T14:40:40.208 rx v1.notify 3a03010100000000000000000000003f
2026-07-02T14:40:40.214 tx v1.write 43000f005f01000000000000000000b2
2026-07-02T14:40:40.323 rx v1.notify 43f00501000000000000000000000039
2026-07-02T14:40:40.323 rx v1.notify 4326070204000570001c00130000001a
2026-07-02T14:40:40.357 rx v1.notify 432607022c01050c00030002000000b5
2026-07-02T14:40:40.358 rx v1.notify 43260702300205500cdc0218020000fd
2026-07-02T14:40:40.395 rx v1.notify 43260702340305a806730121010000f2
2026-07-02T14:40:40.396 rx v1.notify 4326070238040580051701ee0000003e
2026-07-02T14:40:40.398 tx v1.write 43010f005f01000000000000000000b3
2026-07-02T14:40:40.471 rx v1.notify 43ff0001000000000000000000000043
2026-07-02T14:40:40.485 tx v1.write 48000000000000000000000000000048
2026-07-02T14:40:40.584 rx v1.notify 4800058500000000f98f00043c002ac4
2026-07-02T14:40:40.598 tx v1.write 1500aa456a000000000000000000006e
2026-07-02T14:40:40.659 rx v1.notify 15001805000000000000000000000032
2026-07-02T14:40:40.733 rx v1.notify 150100aa456a3f504a473d3c3a3f75f6
2026-07-02T14:40:40.734 rx v1.notify 15023d3b3c3b3b3850524e4f49583c95
2026-07-02T14:40:40.771 rx v1.notify 15033c4739513e3a72533940524b3db5
2026-07-02T14:40:40.772 rx v1.notify 1504544b5536343455343533342f3534
2026-07-02T14:40:40.808 rx v1.notify 150532303839303430323231313131a9
2026-07-02T14:40:40.809 rx v1.notify 150633313130302f2f393f3237512ece
2026-07-02T14:40:40.846 rx v1.notify 15073d393439323439304230373031d8
2026-07-02T14:40:40.846 rx v1.notify 15082f393831382f37395d30353a30f1
2026-07-02T14:40:40.920 rx v1.notify 150932303032323332334a5f31363df9
2026-07-02T14:40:40.921 rx v1.notify 150a3e313533323445303231303132c7
2026-07-02T14:40:40.957 rx v1.notify 150b4c32343131324b323130313236dd
2026-07-02T14:40:40.958 rx v1.notify 150c353233363835473d554d586f539e
2026-07-02T14:40:40.994 rx v1.notify 150d54525346514b46574a3f3c57560c
2026-07-02T14:40:40.996 rx v1.notify 150e443d3e425565476b5750513e00c6
2026-07-02T14:40:41.032 rx v1.notify 150f0000000000000000000000000024
2026-07-02T14:40:41.033 rx v1.notify 15100000000000000000000000000025
2026-07-02T14:40:41.071 rx v1.notify 15110000000000000000000000000026
2026-07-02T14:40:41.072 rx v1.notify 15120000000000000000000000000027
2026-07-02T14:40:41.108 rx v1.notify 15130000000000000000000000000028
2026-07-02T14:40:41.109 rx v1.notify 15140000000000000000000000000029
2026-07-02T14:40:41.146 rx v1.notify 1515000000000000000000000000002a
2026-07-02T14:40:41.147 rx v1.notify 1516000000000000000000000000002b
2026-07-02T14:40:41.183 rx v1.notify 1517000000000000000000000000002c
2026-07-02T14:40:41.200 tx v1.write 37000000000000000000000000000037
2026-07-02T14:40:41.260 rx v1.notify 3700051e00000000000000000000005a
2026-07-02T14:40:41.298 rx v1.notify 3701002b2724222f2e2a232227242108
2026-07-02T14:40:41.298 rx v1.notify 37022d312c20312f2f2823272e282e68
2026-07-02T14:40:41.333 rx v1.notify 3703312d292e23000000000000000012
2026-07-02T14:40:41.334 rx v1.notify 3704000000000000000000000000003b
2026-07-02T14:40:41.347 tx v1.write 39000000000000000000000000000039
2026-07-02T14:40:41.408 rx v1.notify 3900051e00000000000000000000005c
2026-07-02T14:40:41.446 rx v1.notify 3901001e002b0031002d002a001f002a
2026-07-02T14:40:41.446 rx v1.notify 39023200200024002c0024002500264c
2026-07-02T14:40:41.482 rx v1.notify 39030026002700000000000000000089
2026-07-02T14:40:41.557 rx v1.notify 3904000000000000000000000000003d
2026-07-02T14:40:41.569 tx v2.cmd bc2a01003e8102
2026-07-02T14:40:41.633 rx v2.notify bc2a3100294f00626260606161636360606060616161616060616160606060616161616363000000000000000000000000000000000000
2026-07-02T14:40:41.646 tx v2.cmd bc270200c1e00101
2026-07-02T14:40:41.857 rx v2.notify bc27310039ec01002ebb00c50202180320021804100225030b02240413021d0312020b041b02160309021e0412022b031b0219040f0231
2026-07-02T14:40:41.898 tx v2.cmd bc250100bf4000
2026-07-02T14:40:42.121 rx v2.notify bc2532006410001ea7a8a8a8a8a8a1a8a7a8a8a7a6a7a7a7a7a7a7a6a6a7a8a7a5a0a6a6a7a6000000000000000000000000000000000000
2026-07-02T14:40:42.161 tx v2.cmd bc4104008f684e742169
2026-07-02T14:40:42.345 rx v2.notify bc420100bf4000
2026-07-02T14:40:52.074 tx v1.write 43000f005f01000000000000000000b2
2026-07-02T14:40:52.409 rx v1.notify 43f00501000000000000000000000039
2026-07-02T14:40:52.527 rx v1.notify 4326070204000570001c00130000001a
2026-07-02T14:40:52.888 rx v1.notify 432607022c01050c00030002000000b5
2026-07-02T14:40:52.890 rx v1.notify 43260702300205500cdc0218020000fd
2026-07-02T14:40:53.007 rx v1.notify 43260702340305a806730121010000f2
2026-07-02T14:40:53.008 rx v1.notify 4326070238040580051701ee0000003e
2026-07-02T14:40:53.010 tx v1.write 43010f005f01000000000000000000b3
2026-07-02T14:40:53.248 rx v1.notify 43ff0001000000000000000000000043
2026-07-02T14:40:53.264 tx v1.write 48000000000000000000000000000048
2026-07-02T14:40:53.489 rx v1.notify 4800058500000000f98f00043c002ac4
2026-07-02T14:40:53.503 tx v1.write 1500aa456a000000000000000000006e
2026-07-02T14:40:53.849 rx v1.notify 15001805000000000000000000000032
2026-07-02T14:40:53.850 rx v1.notify 150100aa456a3f504a473d3c3a3f75f6
2026-07-02T14:40:53.967 rx v1.notify 15023d3b3c3b3b3850524e4f49583c95
2026-07-02T14:40:53.968 rx v1.notify 15033c4739513e3a72533940524b3db5
2026-07-02T14:40:54.087 rx v1.notify 1504544b5536343455343533342f3534
2026-07-02T14:40:54.088 rx v1.notify 150532303839303430323231313131a9
2026-07-02T14:40:54.209 rx v1.notify 150633313130302f2f393f3237512ece
2026-07-02T14:40:54.210 rx v1.notify 15073d393439323439304230373031d8
2026-07-02T14:40:54.328 rx v1.notify 15082f393831382f37395d30353a30f1
2026-07-02T14:40:54.330 rx v1.notify 150932303032323332334a5f31363df9
2026-07-02T14:40:54.448 rx v1.notify 150a3e313533323445303231303132c7
2026-07-02T14:40:54.448 rx v1.notify 150b4c32343131324b323130313236dd
2026-07-02T14:40:54.568 rx v1.notify 150c353233363835473d554d586f539e
2026-07-02T14:40:54.569 rx v1.notify 150d54525346514b46574a3f3c57560c
2026-07-02T14:40:54.808 rx v1.notify 150e443d3e425565476b5750513e00c6
2026-07-02T14:40:54.928 rx v1.notify 150f0000000000000000000000000024
2026-07-02T14:40:54.930 rx v1.notify 15100000000000000000000000000025
2026-07-02T14:40:55.047 rx v1.notify 15110000000000000000000000000026
2026-07-02T14:40:55.048 rx v1.notify 15120000000000000000000000000027
2026-07-02T14:40:55.316 rx v1.notify 15130000000000000000000000000028
2026-07-02T14:40:55.322 rx v1.notify 15140000000000000000000000000029
2026-07-02T14:40:55.366 rx v1.notify 1515000000000000000000000000002a
2026-07-02T14:40:55.367 rx v1.notify 1516000000000000000000000000002b
2026-07-02T14:40:55.414 rx v1.notify 1517000000000000000000000000002c
2026-07-02T14:40:55.426 tx v1.write 37000000000000000000000000000037
2026-07-02T14:40:55.512 rx v1.notify 3700051e00000000000000000000005a
2026-07-02T14:40:55.561 rx v1.notify 3701002b2724222f2e2a232227242108
2026-07-02T14:40:55.561 rx v1.notify 37022d312c20312f2f2823272e282e68
2026-07-02T14:40:55.657 rx v1.notify 3703312d292e23000000000000000012
2026-07-02T14:40:55.659 rx v1.notify 3704000000000000000000000000003b
2026-07-02T14:40:55.670 tx v1.write 39000000000000000000000000000039
2026-07-02T14:40:55.757 rx v1.notify 3900051e00000000000000000000005c
2026-07-02T14:40:55.805 rx v1.notify 3901001e002b0031002d002a001f002a
2026-07-02T14:40:55.853 rx v1.notify 39023200200024002c0024002500264c
2026-07-02T14:40:55.853 rx v1.notify 39030026002700000000000000000089
2026-07-02T14:40:55.902 rx v1.notify 3904000000000000000000000000003d
2026-07-02T14:40:55.912 tx v2.cmd bc2a01003e8102
2026-07-02T14:40:56.000 rx v2.notify bc2a3100294f00626260606161636360606060616161616060616160606060616161616363000000000000000000000000000000000000
2026-07-02T14:40:56.010 tx v2.cmd bc270200c1e00101
2026-07-02T14:40:56.292 rx v2.notify bc27310039ec01002ebb00c50202180320021804100225030b02240413021d0312020b041b02160309021e0412022b031b0219040f0231
2026-07-02T14:40:56.329 tx v2.cmd bc250100bf4000
2026-07-02T14:40:56.390 rx v2.notify bc2532006410001ea7a8a8a8a8a8a1a8a7a8a8a7a6a7a7a7a7a7a7a6a6a7a8a7a5a0a6a6a7a6000000000000000000000000000000000000
2026-07-02T14:40:56.416 tx v2.cmd bc4104008f684e742169
2026-07-02T14:40:56.487 rx v2.notify bc420100bf4000
2026-07-02T14:41:08.720 tx v1.write 03010000000000000000000000000004
2026-07-02T14:41:09.017 rx v1.notify 03640000000000000000000000000067
2026-07-02T14:41:18.717 tx v1.write 03010000000000000000000000000004
2026-07-02T14:41:19.010 rx v1.notify 03640000000000000000000000000067
2026-07-02T14:41:28.720 tx v1.write 03010000000000000000000000000004
2026-07-02T14:41:29.103 rx v1.notify 03640000000000000000000000000067
