# junk trace v1 — Colmi R10_F300 live HR session (0x77/0x78 workout stream, then bc41-45 workout record fetch), captured with PacketLogger from the thering app, 2025-11-19 10:20 America/New_York
# source: thering-realtime-2025-11-19.pklg (the source capture was not published), converted by tools/pklg2trace.py
# columns: <iso-ts> <tx|rx> <channel> <hex>
# handle map: 0x0010=v1.write 0x0012=v1.notify 0x0016=v2.cmd 0x0018=v2.notify   (defaults)
# lines starting with # are comments; "! " lines are app-side/link events kept for orientation
2025-11-19T10:20:45.341-05:00 tx v1.write 7701070000000000000000000000007f
2025-11-19T10:20:45.721-05:00 rx v1.notify 78070100000000000000000000000080
2025-11-19T10:20:45.721-05:00 rx v1.notify 77010080291d690000000000000000a7
2025-11-19T10:20:46.679-05:00 rx v1.notify 78070100010000000000000000000081
2025-11-19T10:20:47.654-05:00 rx v1.notify 78070100020000000000000000000082
2025-11-19T10:20:48.644-05:00 rx v1.notify 78070100030000000000000000000083
2025-11-19T10:20:49.634-05:00 rx v1.notify 78070100040000000000000000000084
2025-11-19T10:20:50.624-05:00 rx v1.notify 78070100050000000000000000000085
2025-11-19T10:20:51.659-05:00 rx v1.notify 78070100060000000000000000000086
2025-11-19T10:20:52.694-05:00 rx v1.notify 78070100073e000000000000000000c5
2025-11-19T10:20:53.639-05:00 rx v1.notify 78070100083e000000000000000000c6
2025-11-19T10:20:54.629-05:00 rx v1.notify 78070100093e000000000000000000c7
2025-11-19T10:20:55.620-05:00 rx v1.notify 780701000a3e000000000000000000c8
2025-11-19T10:20:55.665-05:00 rx v1.notify 780701000a3e000000000000000000c8
2025-11-19T10:20:56.654-05:00 rx v1.notify 780701000b3e000000000000000000c9
2025-11-19T10:20:57.644-05:00 rx v1.notify 780701000c3e000000000000000000ca
2025-11-19T10:20:58.634-05:00 rx v1.notify 780701000d3e000000000000000000cb
2025-11-19T10:20:59.625-05:00 rx v1.notify 780701000e3d000000000000000000cb
2025-11-19T10:21:00.569-05:00 rx v1.notify 730c5e000000000000000000000000dd
2025-11-19T10:21:00.659-05:00 rx v1.notify 780701000f3d000000000000000000cc
2025-11-19T10:21:01.652-05:00 rx v1.notify 78070100103d000000000000000000cd
2025-11-19T10:21:02.639-05:00 rx v1.notify 78070100113d000000000000000000ce
2025-11-19T10:21:03.720-05:00 rx v1.notify 78070100123d000000000000000000cf
2025-11-19T10:21:04.679-05:00 rx v1.notify 78070100133d000000000000000000d0
2025-11-19T10:21:05.639-05:00 rx v1.notify 78070100143d000000000000000000d1
2025-11-19T10:21:05.641-05:00 rx v1.notify 78070100143d000000000000000000d1
2025-11-19T10:21:06.719-05:00 rx v1.notify 78070100153d000000000000000000d2
2025-11-19T10:21:07.680-05:00 rx v1.notify 78070100163d000000000000000000d3
2025-11-19T10:21:08.759-05:00 rx v1.notify 78070100173c000000000000000000d3
2025-11-19T10:21:09.719-05:00 rx v1.notify 78070100183c000000000000000000d4
2025-11-19T10:21:10.799-05:00 rx v1.notify 78070100193c000000000000000000d5
2025-11-19T10:21:11.639-05:00 rx v1.notify 780701001a3c000000000000000000d6
2025-11-19T10:21:12.719-05:00 rx v1.notify 780701001b3d000000000000000000d8
2025-11-19T10:21:13.680-05:00 rx v1.notify 780701001c3d000000000000000000d9
2025-11-19T10:21:14.639-05:00 rx v1.notify 780701001d3d000000000000000000da
2025-11-19T10:21:15.720-05:00 rx v1.notify 780701001e3d000000000000000000db
2025-11-19T10:21:15.720-05:00 rx v1.notify 780701001e3d000000000000000000db
2025-11-19T10:21:16.800-05:00 rx v1.notify 780701001f3b000000000000000000da
2025-11-19T10:21:17.640-05:00 rx v1.notify 78070100203b000000000000000000db
2025-11-19T10:21:18.720-05:00 rx v1.notify 78070100213b000000000000000000dc
2025-11-19T10:21:19.680-05:00 rx v1.notify 78070100223b000000000000000000dd
2025-11-19T10:21:20.640-05:00 rx v1.notify 78070100233b000000000000000000de
2025-11-19T10:21:21.721-05:00 rx v1.notify 78070100243b000000000000000000df
2025-11-19T10:21:22.680-05:00 rx v1.notify 78070100253b000000000000000000e0
2025-11-19T10:21:23.640-05:00 rx v1.notify 78070100263b000000000000000000e1
2025-11-19T10:21:24.720-05:00 rx v1.notify 78070100273b000000000000000000e2
2025-11-19T10:21:25.680-05:00 rx v1.notify 78070100283b000000000000000000e3
2025-11-19T10:21:25.682-05:00 rx v1.notify 78070100283b000000000000000000e3
2025-11-19T10:21:26.642-05:00 rx v1.notify 78070100293b000000000000000000e4
2025-11-19T10:21:27.720-05:00 rx v1.notify 780701002a3d000000000000000000e7
2025-11-19T10:21:28.800-05:00 rx v1.notify 780701002b3d000000000000000000e8
2025-11-19T10:21:29.640-05:00 rx v1.notify 780701002c3c000000000000000000e8
2025-11-19T10:21:30.840-05:00 rx v1.notify 780701002d3c000000000000000000e9
2025-11-19T10:21:31.680-05:00 rx v1.notify 780701002e3c000000000000000000ea
2025-11-19T10:21:32.640-05:00 rx v1.notify 780701002f3c000000000000000000eb
2025-11-19T10:21:33.720-05:00 rx v1.notify 78070100303c000000000000000000ec
2025-11-19T10:21:35.040-05:00 rx v1.notify 78070100313c000000000000000000ed
2025-11-19T10:21:35.761-05:00 rx v1.notify 78070100323c000000000000000000ee
2025-11-19T10:21:35.763-05:00 rx v1.notify 78070100323c000000000000000000ee
2025-11-19T10:21:36.720-05:00 rx v1.notify 78070100333c000000000000000000ef
2025-11-19T10:21:37.680-05:00 rx v1.notify 78070100343c000000000000000000f0
2025-11-19T10:21:38.641-05:00 rx v1.notify 78070100353c000000000000000000f1
2025-11-19T10:21:39.720-05:00 rx v1.notify 78070100363c000000000000000000f2
2025-11-19T10:21:40.680-05:00 rx v1.notify 78070100373c000000000000000000f3
2025-11-19T10:21:41.640-05:00 rx v1.notify 78070100383c000000000000000000f4
2025-11-19T10:21:42.721-05:00 rx v1.notify 780701003939000000000000000000f2
2025-11-19T10:21:43.683-05:00 rx v1.notify 780701003a39000000000000000000f3
2025-11-19T10:21:44.640-05:00 rx v1.notify 780701003b3a000000000000000000f5
2025-11-19T10:21:45.721-05:00 rx v1.notify 780701003c3a000000000000000000f6
2025-11-19T10:21:45.723-05:00 rx v1.notify 780701003c3a000000000000000000f6
2025-11-19T10:21:46.680-05:00 rx v1.notify 780701003d3a000000000000000000f7
2025-11-19T10:21:46.686-05:00 tx v1.write 77020700000000000000000000000080
2025-11-19T10:21:47.403-05:00 rx v1.notify 77000000000000000000000000000077
2025-11-19T10:21:47.641-05:00 rx v1.notify 780702003d3a000000000000000000f8
2025-11-19T10:21:48.721-05:00 rx v1.notify 780702003d3a000000000000000000f8
2025-11-19T10:21:49.022-05:00 tx v1.write 77040700000000000000000000000082
2025-11-19T10:21:49.081-05:00 rx v1.notify 7307000000000000000000000000007a
2025-11-19T10:21:49.083-05:00 rx v1.notify 77000000000000000000000000000077
2025-11-19T10:21:49.121-05:00 tx v2.cmd bc410400002400000000
2025-11-19T10:21:49.216-05:00 rx v2.notify bc423100e62e013007060180291d6904023d0004030000060400000000040500000406000003073c03083903093e030d00061300000000
2025-11-19T10:21:49.218-05:00 tx v2.cmd bc430500a0b60780291d69
2025-11-19T10:21:49.306-05:00 rx v2.notify bc440600ad87000100010111
2025-11-19T10:21:49.308-05:00 rx v2.notify bc453800326501003e3e3e3e3e3e3e3d3d3d3d3d3d3d3d3c3c3c3c3d3d3d3d3b3b3b3b3b3b3b3b3b3b3b3d3d3c3c3c3c3c3c3c3c3c3c3c3c3c39393a3a3a
! 2025-11-19T10:21:50.632-05:00 att write handle=0x0013 value=0000
! 2025-11-19T10:21:50.657-05:00 disconnected reason=0x16
