# junk trace v1 — SYNTHETIC init and status read, Sony WH-1000XM4
# source: NOT CAPTURED FROM HARDWARE. Generated by crates/junk-sony/tests/proto.rs
#   (`synthetic_trace`), from payloads written out from the layouts of Sony's own app
#   (an analysis of it). Every reply here is made up to exercise
#   the driver: the function list, the capabilities and the values are not an XM4's.
#   Regenerate with: JUNK_SONY_REGEN=1 cargo test -p junk-sony --test proto synthetic
# columns: <iso-ts> <tx|rx> <channel> <hex>
# lines starting with # are comments; "! " lines are link events kept for orientation
# transport: Bluetooth Classic RFCOMM, as the real device would be; the timestamps are
#   fabricated, 7 ms apart
! 2026-10-05T12:00:00.000+00:00 connected mtu=668 channels=rfcomm
2026-10-05T12:00:00.007+00:00 tx rfcomm 3e0c000000000200000e3c
2026-10-05T12:00:00.014+00:00 rx rfcomm 3e010100000000023c
2026-10-05T12:00:00.021+00:00 rx rfcomm 3e0c000000000401004010613c
2026-10-05T12:00:00.028+00:00 tx rfcomm 3e010100000000023c
2026-10-05T12:00:00.035+00:00 tx rfcomm 3e0c01000000020200113c
2026-10-05T12:00:00.042+00:00 rx rfcomm 3e010000000000013c
2026-10-05T12:00:00.049+00:00 rx rfcomm 3e0c010000000803000704414243442d3c
2026-10-05T12:00:00.056+00:00 tx rfcomm 3e010000000000013c
2026-10-05T12:00:00.063+00:00 tx rfcomm 3e0c00000000020401133c
2026-10-05T12:00:00.070+00:00 rx rfcomm 3e010100000000023c
2026-10-05T12:00:00.077+00:00 rx rfcomm 3e0c000000000d05010a57482d31303030584d348f3c
2026-10-05T12:00:00.084+00:00 tx rfcomm 3e010100000000023c
2026-10-05T12:00:00.091+00:00 tx rfcomm 3e0c01000000020402153c
2026-10-05T12:00:00.098+00:00 rx rfcomm 3e010000000000013c
2026-10-05T12:00:00.105+00:00 rx rfcomm 3e0c0100000008050205312e322e33133c
2026-10-05T12:00:00.112+00:00 tx rfcomm 3e010000000000013c
2026-10-05T12:00:00.119+00:00 tx rfcomm 3e0c00000000020403153c
2026-10-05T12:00:00.126+00:00 rx rfcomm 3e010100000000023c
2026-10-05T12:00:00.133+00:00 rx rfcomm 3e0c0000000004050310022a3c
2026-10-05T12:00:00.140+00:00 tx rfcomm 3e010100000000023c
2026-10-05T12:00:00.147+00:00 tx rfcomm 3e0c01000000020600153c
2026-10-05T12:00:00.154+00:00 rx rfcomm 3e010000000000013c
2026-10-05T12:00:00.161+00:00 rx rfcomm 3e0c01000000190700161113121762515281e1e2f3f4f5f6d2d339383014b1c1773c
2026-10-05T12:00:00.168+00:00 tx rfcomm 3e010000000000013c
2026-10-05T12:00:00.175+00:00 tx rfcomm 3e0c0000000003500101613c
2026-10-05T12:00:00.182+00:00 rx rfcomm 3e010100000000023c
2026-10-05T12:00:00.189+00:00 rx rfcomm 3e0c000000000f51010615020000a006437573746f6dab3c
2026-10-05T12:00:00.196+00:00 tx rfcomm 3e010100000000023c
2026-10-05T12:00:00.203+00:00 tx rfcomm 3e0c0100000003500201633c
2026-10-05T12:00:00.210+00:00 rx rfcomm 3e010000000000013c
2026-10-05T12:00:00.217+00:00 rx rfcomm 3e0c01000000045102fb05643c
2026-10-05T12:00:00.224+00:00 tx rfcomm 3e010000000000013c
2026-10-05T12:00:00.231+00:00 tx rfcomm 3e0c00000000026002703c
2026-10-05T12:00:00.238+00:00 rx rfcomm 3e010100000000023c
2026-10-05T12:00:00.245+00:00 rx rfcomm 3e0c000000000a610202010102000a01058f3c
2026-10-05T12:00:00.252+00:00 tx rfcomm 3e010100000000023c
2026-10-05T12:00:00.259+00:00 tx rfcomm 3e0c01000000028001903c
2026-10-05T12:00:00.266+00:00 rx rfcomm 3e010000000000013c
2026-10-05T12:00:00.273+00:00 rx rfcomm 3e0c010000000781010001000100983c
2026-10-05T12:00:00.280+00:00 tx rfcomm 3e010000000000013c
2026-10-05T12:00:00.287+00:00 tx rfcomm 3e0c0000000002e001ef3c
2026-10-05T12:00:00.294+00:00 rx rfcomm 3e010100000000023c
2026-10-05T12:00:00.301+00:00 rx rfcomm 3e0c0000000003e10100f13c
2026-10-05T12:00:00.308+00:00 tx rfcomm 3e010100000000023c
2026-10-05T12:00:00.315+00:00 tx rfcomm 3e0c0100000002e002f13c
2026-10-05T12:00:00.322+00:00 rx rfcomm 3e010000000000013c
2026-10-05T12:00:00.329+00:00 rx rfcomm 3e0c0100000004e1020000f43c
2026-10-05T12:00:00.336+00:00 tx rfcomm 3e010000000000013c
2026-10-05T12:00:00.343+00:00 tx rfcomm 3e0c0000000002f003013c
2026-10-05T12:00:00.350+00:00 rx rfcomm 3e010100000000023c
2026-10-05T12:00:00.357+00:00 rx rfcomm 3e0c0000000003f10300033c
2026-10-05T12:00:00.364+00:00 tx rfcomm 3e010100000000023c
2026-10-05T12:00:00.371+00:00 tx rfcomm 3e0c0100000002f004033c
2026-10-05T12:00:00.378+00:00 rx rfcomm 3e010000000000013c
2026-10-05T12:00:00.385+00:00 rx rfcomm 3e0c0100000006f104030001111d3c
2026-10-05T12:00:00.392+00:00 tx rfcomm 3e010000000000013c
2026-10-05T12:00:00.399+00:00 tx rfcomm 3e0c0000000002f005033c
2026-10-05T12:00:00.406+00:00 rx rfcomm 3e010100000000023c
2026-10-05T12:00:00.413+00:00 rx rfcomm 3e0c0000000005f105000100083c
2026-10-05T12:00:00.420+00:00 tx rfcomm 3e010100000000023c
2026-10-05T12:00:00.427+00:00 tx rfcomm 3e0c0100000002f006053c
2026-10-05T12:00:00.434+00:00 rx rfcomm 3e010000000000013c
2026-10-05T12:00:00.441+00:00 rx rfcomm 3e0c0100000007f10601000000000c3c
2026-10-05T12:00:00.448+00:00 tx rfcomm 3e010000000000013c
2026-10-05T12:00:00.455+00:00 tx rfcomm 3e0c0000000003d0d201b23c
2026-10-05T12:00:00.462+00:00 rx rfcomm 3e010100000000023c
2026-10-05T12:00:00.469+00:00 rx rfcomm 3e0c000000001ad1d20213544f5543485f50414e454c5f53455454494e47017801273c
2026-10-05T12:00:00.476+00:00 tx rfcomm 3e010100000000023c
2026-10-05T12:00:00.483+00:00 tx rfcomm 3e0c0100000003d0d301b43c
2026-10-05T12:00:00.490+00:00 rx rfcomm 3e010000000000013c
2026-10-05T12:00:00.497+00:00 rx rfcomm 3e0c0100000027d1d302124d554c5449504f494e545f53455454494e470178020201034f6666017801024f6e0179cd3c
2026-10-05T12:00:00.504+00:00 tx rfcomm 3e010000000000013c
2026-10-05T12:00:00.511+00:00 tx rfcomm 3e0e00000000023001413c
2026-10-05T12:00:00.518+00:00 rx rfcomm 3e010100000000023c
2026-10-05T12:00:00.525+00:00 rx rfcomm 3e0e00000000053101080201503c
2026-10-05T12:00:00.532+00:00 tx rfcomm 3e010100000000023c
2026-10-05T12:00:00.539+00:00 tx rfcomm 3e0e01000000024001523c
2026-10-05T12:00:00.546+00:00 rx rfcomm 3e010000000000013c
2026-10-05T12:00:00.553+00:00 rx rfcomm 3e0e01000000074101010102010b683c
2026-10-05T12:00:00.560+00:00 tx rfcomm 3e010000000000013c
2026-10-05T12:00:00.567+00:00 tx rfcomm 3e0e00000000034601055d3c
2026-10-05T12:00:00.574+00:00 rx rfcomm 3e010100000000023c
2026-10-05T12:00:00.581+00:00 rx rfcomm 3e0e000000000447010501603c
2026-10-05T12:00:00.588+00:00 tx rfcomm 3e010100000000023c
2026-10-05T12:00:00.595+00:00 tx rfcomm 3e0c010000000210001f3c
2026-10-05T12:00:00.602+00:00 rx rfcomm 3e010000000000013c
2026-10-05T12:00:00.609+00:00 rx rfcomm 3e0c010000000411005000723c
2026-10-05T12:00:00.616+00:00 tx rfcomm 3e010000000000013c
2026-10-05T12:00:00.623+00:00 tx rfcomm 3e0c00000000021800263c
2026-10-05T12:00:00.630+00:00 rx rfcomm 3e010100000000023c
2026-10-05T12:00:00.637+00:00 rx rfcomm 3e0c0000000003190010383c
2026-10-05T12:00:00.644+00:00 tx rfcomm 3e010100000000023c
2026-10-05T12:00:00.651+00:00 tx rfcomm 3e0c01000000021400233c
2026-10-05T12:00:00.658+00:00 rx rfcomm 3e010000000000013c
2026-10-05T12:00:00.665+00:00 rx rfcomm 3e0c010000000415000201293c
2026-10-05T12:00:00.672+00:00 tx rfcomm 3e010000000000013c
2026-10-05T12:00:00.679+00:00 tx rfcomm 3e0c00000000022401333c
2026-10-05T12:00:00.686+00:00 rx rfcomm 3e010100000000023c
2026-10-05T12:00:00.693+00:00 rx rfcomm 3e0c000000000425010101383c
2026-10-05T12:00:00.700+00:00 tx rfcomm 3e010100000000023c
2026-10-05T12:00:00.707+00:00 tx rfcomm 3e0c01000000026602773c
2026-10-05T12:00:00.714+00:00 rx rfcomm 3e010000000000013c
2026-10-05T12:00:00.721+00:00 rx rfcomm 3e0c01000000086702010200010005873c
2026-10-05T12:00:00.728+00:00 tx rfcomm 3e010000000000013c
2026-10-05T12:00:00.735+00:00 tx rfcomm 3e0c00000000025601653c
2026-10-05T12:00:00.742+00:00 rx rfcomm 3e010100000000023c
2026-10-05T12:00:00.749+00:00 rx rfcomm 3e0c000000000a5701a0060a0a0a0a0a0a503c
2026-10-05T12:00:00.756+00:00 tx rfcomm 3e010100000000023c
2026-10-05T12:00:00.763+00:00 tx rfcomm 3e0c01000000025a016a3c
2026-10-05T12:00:00.770+00:00 rx rfcomm 3e010000000000013c
2026-10-05T12:00:00.777+00:00 rx rfcomm 3e0c01000000155b0106100001010190020001020002020006020010483c
2026-10-05T12:00:00.784+00:00 tx rfcomm 3e010000000000013c
2026-10-05T12:00:00.791+00:00 tx rfcomm 3e0c00000000025602663c
2026-10-05T12:00:00.798+00:00 rx rfcomm 3e010100000000023c
2026-10-05T12:00:00.805+00:00 rx rfcomm 3e0c00000000035702fd653c
2026-10-05T12:00:00.812+00:00 tx rfcomm 3e010100000000023c
2026-10-05T12:00:00.819+00:00 tx rfcomm 3e0c0100000002e602f73c
2026-10-05T12:00:00.826+00:00 rx rfcomm 3e010000000000013c
2026-10-05T12:00:00.833+00:00 rx rfcomm 3e0c0100000004e7020001fb3c
2026-10-05T12:00:00.840+00:00 tx rfcomm 3e010000000000013c
2026-10-05T12:00:00.847+00:00 tx rfcomm 3e0c0000000002e601f53c
2026-10-05T12:00:00.854+00:00 rx rfcomm 3e010100000000023c
2026-10-05T12:00:00.861+00:00 rx rfcomm 3e0c0000000004e7010001f93c
2026-10-05T12:00:00.868+00:00 tx rfcomm 3e010100000000023c
2026-10-05T12:00:00.875+00:00 tx rfcomm 3e0e01000000034601015a3c
2026-10-05T12:00:00.882+00:00 rx rfcomm 3e010000000000013c
2026-10-05T12:00:00.889+00:00 rx rfcomm 3e0e0100000004470101015d3c
2026-10-05T12:00:00.896+00:00 tx rfcomm 3e010000000000013c
2026-10-05T12:00:00.903+00:00 tx rfcomm 3e0e00000000034601025a3c
2026-10-05T12:00:00.910+00:00 rx rfcomm 3e010100000000023c
2026-10-05T12:00:00.917+00:00 rx rfcomm 3e0e0000000004470102015d3c
2026-10-05T12:00:00.924+00:00 tx rfcomm 3e010100000000023c
2026-10-05T12:00:00.931+00:00 tx rfcomm 3e0e01000000023201443c
2026-10-05T12:00:00.938+00:00 rx rfcomm 3e010000000000013c
2026-10-05T12:00:00.945+00:00 rx rfcomm 3e0e010000000433010000473c
2026-10-05T12:00:00.952+00:00 tx rfcomm 3e010000000000013c
2026-10-05T12:00:00.959+00:00 tx rfcomm 3e0e00000000023601473c
2026-10-05T12:00:00.966+00:00 rx rfcomm 3e010100000000023c
2026-10-05T12:00:00.973+00:00 rx rfcomm 3e0e000000003537010241413a42423a43433a44443a45453a3031010550686f6e6541413a42423a43433a44443a45453a303200064c6170746f7001373c
2026-10-05T12:00:00.980+00:00 tx rfcomm 3e010100000000023c
2026-10-05T12:00:00.987+00:00 tx rfcomm 3e0c0100000002f603083c
2026-10-05T12:00:00.994+00:00 rx rfcomm 3e010000000000013c
2026-10-05T12:00:01.001+00:00 rx rfcomm 3e0c0100000004f70300010c3c
2026-10-05T12:00:01.008+00:00 tx rfcomm 3e010000000000013c
2026-10-05T12:00:01.015+00:00 tx rfcomm 3e0c0000000002f604083c
2026-10-05T12:00:01.022+00:00 rx rfcomm 3e010100000000023c
2026-10-05T12:00:01.029+00:00 rx rfcomm 3e0c0000000005f7040110021f3c
2026-10-05T12:00:01.036+00:00 tx rfcomm 3e010100000000023c
2026-10-05T12:00:01.043+00:00 tx rfcomm 3e0c0100000002f6050a3c
2026-10-05T12:00:01.050+00:00 rx rfcomm 3e010000000000013c
2026-10-05T12:00:01.057+00:00 rx rfcomm 3e0c0100000004f70500010e3c
2026-10-05T12:00:01.064+00:00 tx rfcomm 3e010000000000013c
2026-10-05T12:00:01.071+00:00 tx rfcomm 3e0c0000000002fa050d3c
2026-10-05T12:00:01.078+00:00 rx rfcomm 3e010100000000023c
2026-10-05T12:00:01.085+00:00 rx rfcomm 3e0c0000000006fb0500010102163c
2026-10-05T12:00:01.092+00:00 tx rfcomm 3e010100000000023c
2026-10-05T12:00:01.099+00:00 tx rfcomm 3e0c0100000002f6060b3c
2026-10-05T12:00:01.106+00:00 rx rfcomm 3e010000000000013c
2026-10-05T12:00:01.113+00:00 rx rfcomm 3e0c0100000005f706020031423c
2026-10-05T12:00:01.120+00:00 tx rfcomm 3e010000000000013c
2026-10-05T12:00:01.127+00:00 tx rfcomm 3e0c0000000002d6d2b63c
2026-10-05T12:00:01.134+00:00 rx rfcomm 3e010100000000023c
2026-10-05T12:00:01.141+00:00 rx rfcomm 3e0c0000000004d7d20101bb3c
2026-10-05T12:00:01.148+00:00 tx rfcomm 3e010100000000023c
2026-10-05T12:00:01.155+00:00 tx rfcomm 3e0c0100000002d6d3b83c
2026-10-05T12:00:01.162+00:00 rx rfcomm 3e010000000000013c
2026-10-05T12:00:01.169+00:00 rx rfcomm 3e0c0100000004d7d30201be3c
2026-10-05T12:00:01.176+00:00 tx rfcomm 3e010000000000013c
2026-10-05T12:00:01.183+00:00 tx rfcomm 3e0c00000000028601953c
2026-10-05T12:00:01.190+00:00 rx rfcomm 3e010100000000023c
2026-10-05T12:00:01.197+00:00 rx rfcomm 3e0c0000000006870101050108a93c
2026-10-05T12:00:01.204+00:00 tx rfcomm 3e010100000000023c
2026-10-05T12:00:01.211+00:00 tx rfcomm 3e0c010000000236064b3c
2026-10-05T12:00:01.218+00:00 rx rfcomm 3e010000000000013c
2026-10-05T12:00:01.225+00:00 rx rfcomm 3e0c01000000083706054142434445a63c
2026-10-05T12:00:01.232+00:00 tx rfcomm 3e010000000000013c
